Archive member included because of file (symbol)

c:/winavr-20100110/bin/../lib/gcc/avr/4.3.3/avr5\libgcc.a(_udivmodqi4.o)
                              ./MCAL/PORT/Port_prog.o (__udivmodqi4)
c:/winavr-20100110/bin/../lib/gcc/avr/4.3.3/avr5\libgcc.a(_udivmodhi4.o)
                              ./APP/SmartHome/SmartHome_prog.o (__udivmodhi4)
c:/winavr-20100110/bin/../lib/gcc/avr/4.3.3/avr5\libgcc.a(_udivmodsi4.o)
                              ./APP/millis/millis.o (__udivmodsi4)
c:/winavr-20100110/bin/../lib/gcc/avr/4.3.3/avr5\libgcc.a(_divmodsi4.o)
                              ./HAL/LCD/LCD_prg.o (__divmodsi4)
c:/winavr-20100110/bin/../lib/gcc/avr/4.3.3/avr5\libgcc.a(_exit.o)
                              c:/winavr-20100110/bin/../lib/gcc/avr/4.3.3/../../../../avr/lib/avr5/crtm32.o (exit)
c:/winavr-20100110/bin/../lib/gcc/avr/4.3.3/avr5\libgcc.a(_copy_data.o)
                              ./HAL/WIFI/WIFI_prog.o (__do_copy_data)
c:/winavr-20100110/bin/../lib/gcc/avr/4.3.3/avr5\libgcc.a(_clear_bss.o)
                              ./MCAL/UART/UART_prog.o (__do_clear_bss)
c:/winavr-20100110/bin/../lib/gcc/avr/4.3.3/avr5\libgcc.a(_fixunssfsi.o)
                              ./HAL/WIFI/WIFI_prog.o (__fixunssfsi)
c:/winavr-20100110/bin/../lib/gcc/avr/4.3.3/avr5\libgcc.a(_addsub_sf.o)
                              c:/winavr-20100110/bin/../lib/gcc/avr/4.3.3/avr5\libgcc.a(_fixunssfsi.o) (__subsf3)
c:/winavr-20100110/bin/../lib/gcc/avr/4.3.3/avr5\libgcc.a(_mul_sf.o)
                              ./HAL/WIFI/WIFI_prog.o (__mulsf3)
c:/winavr-20100110/bin/../lib/gcc/avr/4.3.3/avr5\libgcc.a(_div_sf.o)
                              ./HAL/LM35/LM35_prog.o (__divsf3)
c:/winavr-20100110/bin/../lib/gcc/avr/4.3.3/avr5\libgcc.a(_eq_sf.o)
                              ./HAL/LM35/LM35_prog.o (__eqsf2)
c:/winavr-20100110/bin/../lib/gcc/avr/4.3.3/avr5\libgcc.a(_gt_sf.o)
                              ./HAL/WIFI/WIFI_prog.o (__gtsf2)
c:/winavr-20100110/bin/../lib/gcc/avr/4.3.3/avr5\libgcc.a(_ge_sf.o)
                              c:/winavr-20100110/bin/../lib/gcc/avr/4.3.3/avr5\libgcc.a(_fixunssfsi.o) (__gesf2)
c:/winavr-20100110/bin/../lib/gcc/avr/4.3.3/avr5\libgcc.a(_lt_sf.o)
                              ./HAL/WIFI/WIFI_prog.o (__ltsf2)
c:/winavr-20100110/bin/../lib/gcc/avr/4.3.3/avr5\libgcc.a(_sf_to_si.o)
                              c:/winavr-20100110/bin/../lib/gcc/avr/4.3.3/avr5\libgcc.a(_fixunssfsi.o) (__fixsfsi)
c:/winavr-20100110/bin/../lib/gcc/avr/4.3.3/avr5\libgcc.a(_thenan_sf.o)
                              c:/winavr-20100110/bin/../lib/gcc/avr/4.3.3/avr5\libgcc.a(_addsub_sf.o) (__thenan_sf)
c:/winavr-20100110/bin/../lib/gcc/avr/4.3.3/avr5\libgcc.a(_usi_to_sf.o)
                              ./HAL/LM35/LM35_prog.o (__floatunsisf)
c:/winavr-20100110/bin/../lib/gcc/avr/4.3.3/avr5\libgcc.a(_prologue.o)
                              c:/winavr-20100110/bin/../lib/gcc/avr/4.3.3/avr5\libgcc.a(_addsub_sf.o) (__prologue_saves__)
c:/winavr-20100110/bin/../lib/gcc/avr/4.3.3/avr5\libgcc.a(_epilogue.o)
                              c:/winavr-20100110/bin/../lib/gcc/avr/4.3.3/avr5\libgcc.a(_addsub_sf.o) (__epilogue_restores__)
c:/winavr-20100110/bin/../lib/gcc/avr/4.3.3/avr5\libgcc.a(_clzsi2.o)
                              c:/winavr-20100110/bin/../lib/gcc/avr/4.3.3/avr5\libgcc.a(_usi_to_sf.o) (__clzsi2)
c:/winavr-20100110/bin/../lib/gcc/avr/4.3.3/avr5\libgcc.a(_pack_sf.o)
                              c:/winavr-20100110/bin/../lib/gcc/avr/4.3.3/avr5\libgcc.a(_addsub_sf.o) (__pack_f)
c:/winavr-20100110/bin/../lib/gcc/avr/4.3.3/avr5\libgcc.a(_unpack_sf.o)
                              c:/winavr-20100110/bin/../lib/gcc/avr/4.3.3/avr5\libgcc.a(_addsub_sf.o) (__unpack_f)
c:/winavr-20100110/bin/../lib/gcc/avr/4.3.3/avr5\libgcc.a(_fpcmp_parts_sf.o)
                              c:/winavr-20100110/bin/../lib/gcc/avr/4.3.3/avr5\libgcc.a(_eq_sf.o) (__fpcmp_parts_f)
c:/winavr-20100110/bin/../lib/gcc/avr/4.3.3/avr5\libgcc.a(_clz.o)
                              c:/winavr-20100110/bin/../lib/gcc/avr/4.3.3/avr5\libgcc.a(_clzsi2.o) (__clz_tab)
c:/winavr-20100110/bin/../lib/gcc/avr/4.3.3/../../../../avr/lib/avr5\libc.a(strtok.o)
                              ./APP/SmartHome/SmartHome_prog.o (strtok)
c:/winavr-20100110/bin/../lib/gcc/avr/4.3.3/../../../../avr/lib/avr5\libc.a(strcmp.o)
                              ./APP/SmartHome/SmartHome_prog.o (strcmp)
c:/winavr-20100110/bin/../lib/gcc/avr/4.3.3/../../../../avr/lib/avr5\libc.a(strcpy.o)
                              ./APP/SmartHome/SmartHome_prog.o (strcpy)
c:/winavr-20100110/bin/../lib/gcc/avr/4.3.3/../../../../avr/lib/avr5\libc.a(strstr.o)
                              ./HAL/WIFI/WIFI_prog.o (strstr)
c:/winavr-20100110/bin/../lib/gcc/avr/4.3.3/../../../../avr/lib/avr5\libc.a(strtok_r.o)
                              c:/winavr-20100110/bin/../lib/gcc/avr/4.3.3/../../../../avr/lib/avr5\libc.a(strtok.o) (strtok_r)
c:/winavr-20100110/bin/../lib/gcc/avr/4.3.3/../../../../avr/lib/avr5\libc.a(itoa.o)
                              ./APP/SmartHome/SmartHome_prog.o (itoa)
c:/winavr-20100110/bin/../lib/gcc/avr/4.3.3/../../../../avr/lib/avr5\libc.a(sprintf.o)
                              ./HAL/WIFI/WIFI_prog.o (sprintf)
c:/winavr-20100110/bin/../lib/gcc/avr/4.3.3/../../../../avr/lib/avr5\libc.a(vfprintf_std.o)
                              c:/winavr-20100110/bin/../lib/gcc/avr/4.3.3/../../../../avr/lib/avr5\libc.a(sprintf.o) (vfprintf)
c:/winavr-20100110/bin/../lib/gcc/avr/4.3.3/../../../../avr/lib/avr5\libc.a(strnlen_P.o)
                              c:/winavr-20100110/bin/../lib/gcc/avr/4.3.3/../../../../avr/lib/avr5\libc.a(vfprintf_std.o) (strnlen_P)
c:/winavr-20100110/bin/../lib/gcc/avr/4.3.3/../../../../avr/lib/avr5\libc.a(strnlen.o)
                              c:/winavr-20100110/bin/../lib/gcc/avr/4.3.3/../../../../avr/lib/avr5\libc.a(vfprintf_std.o) (strnlen)
c:/winavr-20100110/bin/../lib/gcc/avr/4.3.3/../../../../avr/lib/avr5\libc.a(strrev.o)
                              c:/winavr-20100110/bin/../lib/gcc/avr/4.3.3/../../../../avr/lib/avr5\libc.a(itoa.o) (strrev)
c:/winavr-20100110/bin/../lib/gcc/avr/4.3.3/../../../../avr/lib/avr5\libc.a(fputc.o)
                              c:/winavr-20100110/bin/../lib/gcc/avr/4.3.3/../../../../avr/lib/avr5\libc.a(vfprintf_std.o) (fputc)
c:/winavr-20100110/bin/../lib/gcc/avr/4.3.3/../../../../avr/lib/avr5\libc.a(ultoa_invert.o)
                              c:/winavr-20100110/bin/../lib/gcc/avr/4.3.3/../../../../avr/lib/avr5\libc.a(vfprintf_std.o) (__ultoa_invert)

Allocating common symbols
Common symbol       size              file

buff                0x64              ./HAL/WIFI/WIFI_prog.o
SensorsHUB          0x4               ./CONFIG/APPCfg/SmartHome_Lcfg.o
timer1_millis       0x4               ./HAL/WIFI/WIFI_prog.o
RX_Buffer_Overflow_UART
                    0x1               ./MCAL/UART/UART_prog.o
Rx_Buffer_UART      0x65              ./MCAL/UART/UART_prog.o

Memory Configuration

Name             Origin             Length             Attributes
text             0x00000000         0x00020000         xr
data             0x00800060         0x0000ffa0         rw !x
eeprom           0x00810000         0x00010000         rw !x
fuse             0x00820000         0x00000400         rw !x
lock             0x00830000         0x00000400         rw !x
signature        0x00840000         0x00000400         rw !x
*default*        0x00000000         0xffffffff

Linker script and memory map

LOAD c:/winavr-20100110/bin/../lib/gcc/avr/4.3.3/../../../../avr/lib/avr5/crtm32.o
LOAD ./MCAL/UART/UART_prog.o
LOAD ./MCAL/PORT/Port_prog.o
LOAD ./MCAL/GIE/GIE_prog.o
LOAD ./MCAL/EX_INT/EX_INT_prog.o
LOAD ./MCAL/DIO/Dio_prog.o
LOAD ./MCAL/ADC/ADC_prog.o
LOAD ./HAL/WIFI/WIFI_prog.o
LOAD ./HAL/LM35/LM35_prog.o
LOAD ./HAL/LED/Led_prog.o
LOAD ./HAL/LDR/LDR_prog.o
LOAD ./HAL/LCD/LCD_prg.o
LOAD ./HAL/DC_MOTOR/DC_MOTOR_prog.o
LOAD ./CONFIG/APPCfg/SmartHome_Lcfg.o
LOAD ./CONFIG/ADC_Lconfig.o
LOAD ./CONFIG/DC_MOTOR_Lconfig.o
LOAD ./CONFIG/Dio_Lcfg.o
LOAD ./CONFIG/EX_INT_Lconfig.o
LOAD ./CONFIG/LCD_Lcfg.o
LOAD ./CONFIG/LDR_Lconfig.o
LOAD ./CONFIG/LM35_Lconfig.o
LOAD ./CONFIG/Led_Lcfg.o
LOAD ./CONFIG/Port_Lcfg.o
LOAD ./CONFIG/TIM_Lconfig.o
LOAD ./CONFIG/UART_Lcfg.o
LOAD ./CONFIG/WIFI_Lcfg.o
LOAD ./APP/millis/millis.o
LOAD ./APP/SmartHome/SmartHome_prog.o
LOAD ./APP/main.o
LOAD c:/winavr-20100110/bin/../lib/gcc/avr/4.3.3/avr5\libgcc.a
LOAD c:/winavr-20100110/bin/../lib/gcc/avr/4.3.3/../../../../avr/lib/avr5\libc.a
LOAD c:/winavr-20100110/bin/../lib/gcc/avr/4.3.3/avr5\libgcc.a

.hash
 *(.hash)

.dynsym
 *(.dynsym)

.dynstr
 *(.dynstr)

.gnu.version
 *(.gnu.version)

.gnu.version_d
 *(.gnu.version_d)

.gnu.version_r
 *(.gnu.version_r)

.rel.init
 *(.rel.init)

.rela.init
 *(.rela.init)

.rel.text
 *(.rel.text)
 *(.rel.text.*)
 *(.rel.gnu.linkonce.t*)

.rela.text
 *(.rela.text)
 *(.rela.text.*)
 *(.rela.gnu.linkonce.t*)

.rel.fini
 *(.rel.fini)

.rela.fini
 *(.rela.fini)

.rel.rodata
 *(.rel.rodata)
 *(.rel.rodata.*)
 *(.rel.gnu.linkonce.r*)

.rela.rodata
 *(.rela.rodata)
 *(.rela.rodata.*)
 *(.rela.gnu.linkonce.r*)

.rel.data
 *(.rel.data)
 *(.rel.data.*)
 *(.rel.gnu.linkonce.d*)

.rela.data
 *(.rela.data)
 *(.rela.data.*)
 *(.rela.gnu.linkonce.d*)

.rel.ctors
 *(.rel.ctors)

.rela.ctors
 *(.rela.ctors)

.rel.dtors
 *(.rel.dtors)

.rela.dtors
 *(.rela.dtors)

.rel.got
 *(.rel.got)

.rela.got
 *(.rela.got)

.rel.bss
 *(.rel.bss)

.rela.bss
 *(.rela.bss)

.rel.plt
 *(.rel.plt)

.rela.plt
 *(.rela.plt)

.text           0x00000000     0x508e
 *(.vectors)
 .vectors       0x00000000       0x54 c:/winavr-20100110/bin/../lib/gcc/avr/4.3.3/../../../../avr/lib/avr5/crtm32.o
                0x00000000                __vectors
                0x00000000                __vector_default
 *(.vectors)
 *(.progmem.gcc*)
 *(.progmem*)
                0x00000054                . = ALIGN (0x2)
                0x00000054                __trampolines_start = .
 *(.trampolines)
 .trampolines   0x00000054        0x0 linker stubs
 *(.trampolines*)
                0x00000054                __trampolines_end = .
 *(.jumptables)
 *(.jumptables*)
 *(.lowtext)
 *(.lowtext*)
                0x00000054                __ctors_start = .
 *(.ctors)
                0x00000054                __ctors_end = .
                0x00000054                __dtors_start = .
 *(.dtors)
                0x00000054                __dtors_end = .
 SORT(*)(.ctors)
 SORT(*)(.dtors)
 *(.init0)
 .init0         0x00000054        0x0 c:/winavr-20100110/bin/../lib/gcc/avr/4.3.3/../../../../avr/lib/avr5/crtm32.o
                0x00000054                __init
 *(.init0)
 *(.init1)
 *(.init1)
 *(.init2)
 .init2         0x00000054        0xc c:/winavr-20100110/bin/../lib/gcc/avr/4.3.3/../../../../avr/lib/avr5/crtm32.o
 *(.init2)
 *(.init3)
 *(.init3)
 *(.init4)
 .init4         0x00000060       0x16 c:/winavr-20100110/bin/../lib/gcc/avr/4.3.3/avr5\libgcc.a(_copy_data.o)
                0x00000060                __do_copy_data
 .init4         0x00000076       0x10 c:/winavr-20100110/bin/../lib/gcc/avr/4.3.3/avr5\libgcc.a(_clear_bss.o)
                0x00000076                __do_clear_bss
 *(.init4)
 *(.init5)
 *(.init5)
 *(.init6)
 *(.init6)
 *(.init7)
 *(.init7)
 *(.init8)
 *(.init8)
 *(.init9)
 .init9         0x00000086        0x8 c:/winavr-20100110/bin/../lib/gcc/avr/4.3.3/../../../../avr/lib/avr5/crtm32.o
 *(.init9)
 *(.text)
 .text          0x0000008e        0x4 c:/winavr-20100110/bin/../lib/gcc/avr/4.3.3/../../../../avr/lib/avr5/crtm32.o
                0x0000008e                __vector_1
                0x0000008e                __vector_12
                0x0000008e                __bad_interrupt
                0x0000008e                __vector_6
                0x0000008e                __vector_3
                0x0000008e                __vector_11
                0x0000008e                __vector_17
                0x0000008e                __vector_19
                0x0000008e                __vector_5
                0x0000008e                __vector_4
                0x0000008e                __vector_9
                0x0000008e                __vector_2
                0x0000008e                __vector_15
                0x0000008e                __vector_8
                0x0000008e                __vector_14
                0x0000008e                __vector_10
                0x0000008e                __vector_18
                0x0000008e                __vector_20
 .text          0x00000092        0x0 ./MCAL/UART/UART_prog.o
 .text          0x00000092        0x0 ./MCAL/PORT/Port_prog.o
 .text          0x00000092        0x0 ./MCAL/GIE/GIE_prog.o
 .text          0x00000092        0x0 ./MCAL/EX_INT/EX_INT_prog.o
 .text          0x00000092        0x0 ./MCAL/DIO/Dio_prog.o
 .text          0x00000092        0x0 ./MCAL/ADC/ADC_prog.o
 .text          0x00000092        0x0 ./HAL/WIFI/WIFI_prog.o
 .text          0x00000092        0x0 ./HAL/LM35/LM35_prog.o
 .text          0x00000092        0x0 ./HAL/LED/Led_prog.o
 .text          0x00000092        0x0 ./HAL/LDR/LDR_prog.o
 .text          0x00000092        0x0 ./HAL/LCD/LCD_prg.o
 .text          0x00000092        0x0 ./HAL/DC_MOTOR/DC_MOTOR_prog.o
 .text          0x00000092        0x0 ./CONFIG/APPCfg/SmartHome_Lcfg.o
 .text          0x00000092        0x0 ./CONFIG/ADC_Lconfig.o
 .text          0x00000092        0x0 ./CONFIG/DC_MOTOR_Lconfig.o
 .text          0x00000092        0x0 ./CONFIG/Dio_Lcfg.o
 .text          0x00000092        0x0 ./CONFIG/EX_INT_Lconfig.o
 .text          0x00000092        0x0 ./CONFIG/LCD_Lcfg.o
 .text          0x00000092        0x0 ./CONFIG/LDR_Lconfig.o
 .text          0x00000092        0x0 ./CONFIG/LM35_Lconfig.o
 .text          0x00000092        0x0 ./CONFIG/Led_Lcfg.o
 .text          0x00000092        0x0 ./CONFIG/Port_Lcfg.o
 .text          0x00000092        0x0 ./CONFIG/TIM_Lconfig.o
 .text          0x00000092        0x0 ./CONFIG/UART_Lcfg.o
 .text          0x00000092        0x0 ./CONFIG/WIFI_Lcfg.o
 .text          0x00000092        0x0 ./APP/millis/millis.o
 .text          0x00000092        0x0 ./APP/SmartHome/SmartHome_prog.o
 .text          0x00000092        0x0 ./APP/main.o
 .text          0x00000092        0x0 c:/winavr-20100110/bin/../lib/gcc/avr/4.3.3/avr5\libgcc.a(_udivmodqi4.o)
 .text          0x00000092        0x0 c:/winavr-20100110/bin/../lib/gcc/avr/4.3.3/avr5\libgcc.a(_udivmodhi4.o)
 .text          0x00000092        0x0 c:/winavr-20100110/bin/../lib/gcc/avr/4.3.3/avr5\libgcc.a(_udivmodsi4.o)
 .text          0x00000092        0x0 c:/winavr-20100110/bin/../lib/gcc/avr/4.3.3/avr5\libgcc.a(_divmodsi4.o)
 .text          0x00000092        0x0 c:/winavr-20100110/bin/../lib/gcc/avr/4.3.3/avr5\libgcc.a(_exit.o)
 .text          0x00000092        0x0 c:/winavr-20100110/bin/../lib/gcc/avr/4.3.3/avr5\libgcc.a(_copy_data.o)
 .text          0x00000092        0x0 c:/winavr-20100110/bin/../lib/gcc/avr/4.3.3/avr5\libgcc.a(_clear_bss.o)
 .text          0x00000092       0x58 c:/winavr-20100110/bin/../lib/gcc/avr/4.3.3/avr5\libgcc.a(_fixunssfsi.o)
                0x00000092                __fixunssfsi
 .text          0x000000ea      0x354 c:/winavr-20100110/bin/../lib/gcc/avr/4.3.3/avr5\libgcc.a(_addsub_sf.o)
                0x00000382                __subsf3
                0x000003e4                __addsf3
 .text          0x0000043e      0x1f4 c:/winavr-20100110/bin/../lib/gcc/avr/4.3.3/avr5\libgcc.a(_mul_sf.o)
                0x0000043e                __mulsf3
 .text          0x00000632      0x158 c:/winavr-20100110/bin/../lib/gcc/avr/4.3.3/avr5\libgcc.a(_div_sf.o)
                0x00000632                __divsf3
 .text          0x0000078a       0x60 c:/winavr-20100110/bin/../lib/gcc/avr/4.3.3/avr5\libgcc.a(_eq_sf.o)
                0x0000078a                __eqsf2
 .text          0x000007ea       0x60 c:/winavr-20100110/bin/../lib/gcc/avr/4.3.3/avr5\libgcc.a(_gt_sf.o)
                0x000007ea                __gtsf2
 .text          0x0000084a       0x60 c:/winavr-20100110/bin/../lib/gcc/avr/4.3.3/avr5\libgcc.a(_ge_sf.o)
                0x0000084a                __gesf2
 .text          0x000008aa       0x60 c:/winavr-20100110/bin/../lib/gcc/avr/4.3.3/avr5\libgcc.a(_lt_sf.o)
                0x000008aa                __ltsf2
 .text          0x0000090a       0xa8 c:/winavr-20100110/bin/../lib/gcc/avr/4.3.3/avr5\libgcc.a(_sf_to_si.o)
                0x0000090a                __fixsfsi
 .text          0x000009b2        0x0 c:/winavr-20100110/bin/../lib/gcc/avr/4.3.3/avr5\libgcc.a(_thenan_sf.o)
 .text          0x000009b2       0xf2 c:/winavr-20100110/bin/../lib/gcc/avr/4.3.3/avr5\libgcc.a(_usi_to_sf.o)
                0x000009b2                __floatunsisf
 .text          0x00000aa4        0x0 c:/winavr-20100110/bin/../lib/gcc/avr/4.3.3/avr5\libgcc.a(_prologue.o)
 .text          0x00000aa4        0x0 c:/winavr-20100110/bin/../lib/gcc/avr/4.3.3/avr5\libgcc.a(_epilogue.o)
 .text          0x00000aa4       0x9e c:/winavr-20100110/bin/../lib/gcc/avr/4.3.3/avr5\libgcc.a(_clzsi2.o)
                0x00000aa4                __clzsi2
 .text          0x00000b42      0x1aa c:/winavr-20100110/bin/../lib/gcc/avr/4.3.3/avr5\libgcc.a(_pack_sf.o)
                0x00000b42                __pack_f
 .text          0x00000cec       0xf0 c:/winavr-20100110/bin/../lib/gcc/avr/4.3.3/avr5\libgcc.a(_unpack_sf.o)
                0x00000cec                __unpack_f
 .text          0x00000ddc       0xb2 c:/winavr-20100110/bin/../lib/gcc/avr/4.3.3/avr5\libgcc.a(_fpcmp_parts_sf.o)
                0x00000ddc                __fpcmp_parts_f
 .text          0x00000e8e        0x0 c:/winavr-20100110/bin/../lib/gcc/avr/4.3.3/avr5\libgcc.a(_clz.o)
 .text          0x00000e8e        0x0 c:/winavr-20100110/bin/../lib/gcc/avr/4.3.3/../../../../avr/lib/avr5\libc.a(strtok.o)
 .text          0x00000e8e        0x0 c:/winavr-20100110/bin/../lib/gcc/avr/4.3.3/../../../../avr/lib/avr5\libc.a(strcmp.o)
 .text          0x00000e8e        0x0 c:/winavr-20100110/bin/../lib/gcc/avr/4.3.3/../../../../avr/lib/avr5\libc.a(strcpy.o)
 .text          0x00000e8e        0x0 c:/winavr-20100110/bin/../lib/gcc/avr/4.3.3/../../../../avr/lib/avr5\libc.a(strstr.o)
 .text          0x00000e8e        0x0 c:/winavr-20100110/bin/../lib/gcc/avr/4.3.3/../../../../avr/lib/avr5\libc.a(strtok_r.o)
 .text          0x00000e8e        0x0 c:/winavr-20100110/bin/../lib/gcc/avr/4.3.3/../../../../avr/lib/avr5\libc.a(itoa.o)
 .text          0x00000e8e        0x0 c:/winavr-20100110/bin/../lib/gcc/avr/4.3.3/../../../../avr/lib/avr5\libc.a(sprintf.o)
 .text          0x00000e8e        0x0 c:/winavr-20100110/bin/../lib/gcc/avr/4.3.3/../../../../avr/lib/avr5\libc.a(vfprintf_std.o)
 .text          0x00000e8e        0x0 c:/winavr-20100110/bin/../lib/gcc/avr/4.3.3/../../../../avr/lib/avr5\libc.a(strnlen_P.o)
 .text          0x00000e8e        0x0 c:/winavr-20100110/bin/../lib/gcc/avr/4.3.3/../../../../avr/lib/avr5\libc.a(strnlen.o)
 .text          0x00000e8e        0x0 c:/winavr-20100110/bin/../lib/gcc/avr/4.3.3/../../../../avr/lib/avr5\libc.a(strrev.o)
 .text          0x00000e8e        0x0 c:/winavr-20100110/bin/../lib/gcc/avr/4.3.3/../../../../avr/lib/avr5\libc.a(fputc.o)
 .text          0x00000e8e        0x0 c:/winavr-20100110/bin/../lib/gcc/avr/4.3.3/../../../../avr/lib/avr5\libc.a(ultoa_invert.o)
                0x00000e8e                . = ALIGN (0x2)
 *(.text.*)
 .text.M_UART_void_UARTAvalepale
                0x00000e8e       0x12 ./MCAL/UART/UART_prog.o
                0x00000e8e                M_UART_void_UARTAvalepale
 .text.M_UART_void_UARTInit
                0x00000ea0       0xba ./MCAL/UART/UART_prog.o
                0x00000ea0                M_UART_void_UARTInit
 .text.__vector_13
                0x00000f5a       0x7c ./MCAL/UART/UART_prog.o
                0x00000f5a                __vector_13
 .text.M_UART_u8_receiveByteASynchNonBlocking
                0x00000fd6       0x4e ./MCAL/UART/UART_prog.o
                0x00000fd6                M_UART_u8_receiveByteASynchNonBlocking
 .text.M_UART_void_UARTSendByte
                0x00001024       0x34 ./MCAL/UART/UART_prog.o
                0x00001024                M_UART_void_UARTSendByte
 .text.M_UART_void_UARTSendString
                0x00001058       0x38 ./MCAL/UART/UART_prog.o
                0x00001058                M_UART_void_UARTSendString
 .text.M_UART_void_UARTSendBytes
                0x00001090       0x58 ./MCAL/UART/UART_prog.o
                0x00001090                M_UART_void_UARTSendBytes
 .text.M_UART_void_ReceiveString
                0x000010e8       0x78 ./MCAL/UART/UART_prog.o
                0x000010e8                M_UART_void_ReceiveString
 .text.M_PORT_voidInit
                0x00001160      0x7ae ./MCAL/PORT/Port_prog.o
                0x00001160                M_PORT_voidInit
 .text.M_GIE_void_EnableGlobalInterrupt
                0x0000190e       0x10 ./MCAL/GIE/GIE_prog.o
                0x0000190e                M_GIE_void_EnableGlobalInterrupt
 .text.M_GIE_void_DisableGlobalInterrupt
                0x0000191e       0x10 ./MCAL/GIE/GIE_prog.o
                0x0000191e                M_GIE_void_DisableGlobalInterrupt
 .text.M_DIO_enGetPinValue
                0x0000192e      0x10c ./MCAL/DIO/Dio_prog.o
                0x0000192e                M_DIO_enGetPinValue
 .text.M_DIO_voidSetPinValue
                0x00001a3a      0x21c ./MCAL/DIO/Dio_prog.o
                0x00001a3a                M_DIO_voidSetPinValue
 .text.M_DIO_enGetPortValue
                0x00001c56       0x84 ./MCAL/DIO/Dio_prog.o
                0x00001c56                M_DIO_enGetPortValue
 .text.M_DIO_voidSetPortValue
                0x00001cda       0x84 ./MCAL/DIO/Dio_prog.o
                0x00001cda                M_DIO_voidSetPortValue
 .text.M_DIO_voidTogglePin
                0x00001d5e      0x118 ./MCAL/DIO/Dio_prog.o
                0x00001d5e                M_DIO_voidTogglePin
 .text.M_ADC_void_Init
                0x00001e76      0x120 ./MCAL/ADC/ADC_prog.o
                0x00001e76                M_ADC_void_Init
 .text.M_ADC_void_StartConversion
                0x00001f96       0x1c ./MCAL/ADC/ADC_prog.o
                0x00001f96                M_ADC_void_StartConversion
 .text.M_ADC_void_GetDigitalValueSynchNonBlocking
                0x00001fb2       0xfe ./MCAL/ADC/ADC_prog.o
                0x00001fb2                M_ADC_void_GetDigitalValueSynchNonBlocking
 .text.M_ADC_void_GetDigitalValueAsynchCallback
                0x000020b0       0x48 ./MCAL/ADC/ADC_prog.o
                0x000020b0                M_ADC_void_GetDigitalValueAsynchCallback
 .text.__vector_16
                0x000020f8       0x66 ./MCAL/ADC/ADC_prog.o
                0x000020f8                __vector_16
 .text.H_WIFI_void_WIFIInit
                0x0000215e      0x538 ./HAL/WIFI/WIFI_prog.o
                0x0000215e                H_WIFI_void_WIFIInit
 .text.H_WIFI_void_StartTCPServer
                0x00002696      0x24c ./HAL/WIFI/WIFI_prog.o
                0x00002696                H_WIFI_void_StartTCPServer
 .text.H_WIFI_statue_t_cheakOk
                0x000028e2       0x74 ./HAL/WIFI/WIFI_prog.o
                0x000028e2                H_WIFI_statue_t_cheakOk
 .text.H_WIFI_command_statue_t_sendData
                0x00002956       0xfa ./HAL/WIFI/WIFI_prog.o
                0x00002956                H_WIFI_command_statue_t_sendData
 .text.H_WIFI_TCPCommand_t_TCPCommand
                0x00002a50       0x68 ./HAL/WIFI/WIFI_prog.o
                0x00002a50                H_WIFI_TCPCommand_t_TCPCommand
 .text.H_WIFI_ReceiveStatue_t_WIFIreceive
                0x00002ab8       0x36 ./HAL/WIFI/WIFI_prog.o
                0x00002ab8                H_WIFI_ReceiveStatue_t_WIFIreceive
 .text.H_LM35_void_Init
                0x00002aee       0x26 ./HAL/LM35/LM35_prog.o
                0x00002aee                H_LM35_void_Init
 .text.H_LM35_u8_ReadTemprature
                0x00002b14      0x386 ./HAL/LM35/LM35_prog.o
                0x00002b14                H_LM35_u8_ReadTemprature
 .text.H_LED_voidTurnOn
                0x00002e9a       0x7e ./HAL/LED/Led_prog.o
                0x00002e9a                H_LED_voidTurnOn
 .text.H_LED_voidTurnOff
                0x00002f18       0x7e ./HAL/LED/Led_prog.o
                0x00002f18                H_LED_voidTurnOff
 .text.H_LED_voidToggle
                0x00002f96       0x76 ./HAL/LED/Led_prog.o
                0x00002f96                H_LED_voidToggle
 .text.H_LDR_void_Init
                0x0000300c       0x26 ./HAL/LDR/LDR_prog.o
                0x0000300c                H_LDR_void_Init
 .text.H_LDR_u16_Read
                0x00003032      0x346 ./HAL/LDR/LDR_prog.o
                0x00003032                H_LDR_u16_Read
 .text.H_LCD_void_LachByte
                0x00003378       0x24 ./HAL/LCD/LCD_prg.o
 .text.H_LCD_void_LachNibble
                0x0000339c      0x46a ./HAL/LCD/LCD_prg.o
 .text.H_LCD_void_SendCommand
                0x00003806       0x22 ./HAL/LCD/LCD_prg.o
                0x00003806                H_LCD_void_SendCommand
 .text.H_LCD_void_Clear
                0x00003828       0x14 ./HAL/LCD/LCD_prg.o
                0x00003828                H_LCD_void_Clear
 .text.H_LCD_void_SendData
                0x0000383c       0x22 ./HAL/LCD/LCD_prg.o
                0x0000383c                H_LCD_void_SendData
 .text.H_LCD_void_sendString
                0x0000385e       0x60 ./HAL/LCD/LCD_prg.o
                0x0000385e                H_LCD_void_sendString
 .text.H_LCD_void_sendIntNum
                0x000038be       0xec ./HAL/LCD/LCD_prg.o
                0x000038be                H_LCD_void_sendIntNum
 .text.H_LCD_void_Int
                0x000039aa      0x522 ./HAL/LCD/LCD_prg.o
                0x000039aa                H_LCD_void_Int
 .text.__vector_7
                0x00003ecc       0x56 ./APP/millis/millis.o
                0x00003ecc                __vector_7
 .text.init_millis
                0x00003f22       0x8c ./APP/millis/millis.o
                0x00003f22                init_millis
 .text.millis   0x00003fae       0x5e ./APP/millis/millis.o
                0x00003fae                millis
 .text.__iCliRetVal
                0x0000400c       0x12 ./APP/millis/millis.o
 .text.__iSeiParam
                0x0000401e       0x1a ./APP/millis/millis.o
 .text.APP_SmartHome_void_UpdateSensorsHub
                0x00004038       0x2e ./APP/SmartHome/SmartHome_prog.o
                0x00004038                APP_SmartHome_void_UpdateSensorsHub
 .text.APP_SmartHome_void_LightIntensity_init
                0x00004066       0x12 ./APP/SmartHome/SmartHome_prog.o
                0x00004066                APP_SmartHome_void_LightIntensity_init
 .text.APP_SmartHome_u8_GetIntensityLevel
                0x00004078       0x3e ./APP/SmartHome/SmartHome_prog.o
                0x00004078                APP_SmartHome_u8_GetIntensityLevel
 .text.APP_SmartHome_void_TemperatureSensor_init
                0x000040b6       0x12 ./APP/SmartHome/SmartHome_prog.o
                0x000040b6                APP_SmartHome_void_TemperatureSensor_init
 .text.APP_SmartHome_u8_GetTemperature
                0x000040c8       0x1a ./APP/SmartHome/SmartHome_prog.o
                0x000040c8                APP_SmartHome_u8_GetTemperature
 .text.APP_SmartHome_u8_GetFanSpeed
                0x000040e2       0x46 ./APP/SmartHome/SmartHome_prog.o
                0x000040e2                APP_SmartHome_u8_GetFanSpeed
 .text.APP_SmartHome_ERROR_t_LocalUpdateFromWIFI
                0x00004128      0x19a ./APP/SmartHome/SmartHome_prog.o
                0x00004128                APP_SmartHome_ERROR_t_LocalUpdateFromWIFI
 .text.APP_SmartHome_void_LocalUpdateFromSensorsHub
                0x000042c2       0xbc ./APP/SmartHome/SmartHome_prog.o
                0x000042c2                APP_SmartHome_void_LocalUpdateFromSensorsHub
 .text.APP_SmartHome_void_ApplianceUpdate
                0x0000437e       0x40 ./APP/SmartHome/SmartHome_prog.o
                0x0000437e                APP_SmartHome_void_ApplianceUpdate
 .text.APP_SmartHome_ERROR_t_GetCommand
                0x000043be      0x19a ./APP/SmartHome/SmartHome_prog.o
                0x000043be                APP_SmartHome_ERROR_t_GetCommand
 .text.APP_void_StartWIFIserver
                0x00004558       0x32 ./APP/SmartHome/SmartHome_prog.o
                0x00004558                APP_void_StartWIFIserver
 .text.APP_UpdateStatus_t_WIFIUpdate
                0x0000458a       0x32 ./APP/SmartHome/SmartHome_prog.o
                0x0000458a                APP_UpdateStatus_t_WIFIUpdate
 .text.main     0x000045bc      0x356 ./APP/main.o
                0x000045bc                main
 .text.libgcc   0x00004912       0x18 c:/winavr-20100110/bin/../lib/gcc/avr/4.3.3/avr5\libgcc.a(_udivmodqi4.o)
                0x00004912                __udivmodqi4
 .text.libgcc   0x0000492a       0x28 c:/winavr-20100110/bin/../lib/gcc/avr/4.3.3/avr5\libgcc.a(_udivmodhi4.o)
                0x0000492a                __udivmodhi4
 .text.libgcc   0x00004952       0x44 c:/winavr-20100110/bin/../lib/gcc/avr/4.3.3/avr5\libgcc.a(_udivmodsi4.o)
                0x00004952                __udivmodsi4
 .text.libgcc   0x00004996       0x36 c:/winavr-20100110/bin/../lib/gcc/avr/4.3.3/avr5\libgcc.a(_divmodsi4.o)
                0x00004996                __divmodsi4
 .text.libgcc   0x000049cc        0x0 c:/winavr-20100110/bin/../lib/gcc/avr/4.3.3/avr5\libgcc.a(_exit.o)
 .text.libgcc   0x000049cc        0x0 c:/winavr-20100110/bin/../lib/gcc/avr/4.3.3/avr5\libgcc.a(_copy_data.o)
 .text.libgcc   0x000049cc        0x0 c:/winavr-20100110/bin/../lib/gcc/avr/4.3.3/avr5\libgcc.a(_clear_bss.o)
 .text.libgcc   0x000049cc       0x38 c:/winavr-20100110/bin/../lib/gcc/avr/4.3.3/avr5\libgcc.a(_prologue.o)
                0x000049cc                __prologue_saves__
 .text.libgcc   0x00004a04       0x36 c:/winavr-20100110/bin/../lib/gcc/avr/4.3.3/avr5\libgcc.a(_epilogue.o)
                0x00004a04                __epilogue_restores__
 .text.avr-libc
                0x00004a3a        0xa c:/winavr-20100110/bin/../lib/gcc/avr/4.3.3/../../../../avr/lib/avr5\libc.a(strtok.o)
                0x00004a3a                strtok
 .text.avr-libc
                0x00004a44       0x12 c:/winavr-20100110/bin/../lib/gcc/avr/4.3.3/../../../../avr/lib/avr5\libc.a(strcmp.o)
                0x00004a44                strcmp
 .text.avr-libc
                0x00004a56        0xe c:/winavr-20100110/bin/../lib/gcc/avr/4.3.3/../../../../avr/lib/avr5\libc.a(strcpy.o)
                0x00004a56                strcpy
 .text.avr-libc
                0x00004a64       0x34 c:/winavr-20100110/bin/../lib/gcc/avr/4.3.3/../../../../avr/lib/avr5\libc.a(strstr.o)
                0x00004a64                strstr
 .text.avr-libc
                0x00004a98       0x4e c:/winavr-20100110/bin/../lib/gcc/avr/4.3.3/../../../../avr/lib/avr5\libc.a(strtok_r.o)
                0x00004a98                strtok_r
 .text.avr-libc
                0x00004ae6       0x42 c:/winavr-20100110/bin/../lib/gcc/avr/4.3.3/../../../../avr/lib/avr5\libc.a(itoa.o)
                0x00004ae6                itoa
 .text.avr-libc
                0x00004b28       0x48 c:/winavr-20100110/bin/../lib/gcc/avr/4.3.3/../../../../avr/lib/avr5\libc.a(sprintf.o)
                0x00004b28                sprintf
 .text.avr-libc
                0x00004b70      0x3ba c:/winavr-20100110/bin/../lib/gcc/avr/4.3.3/../../../../avr/lib/avr5\libc.a(vfprintf_std.o)
                0x00004b70                vfprintf
 .text.avr-libc
                0x00004f2a       0x16 c:/winavr-20100110/bin/../lib/gcc/avr/4.3.3/../../../../avr/lib/avr5\libc.a(strnlen_P.o)
                0x00004f2a                strnlen_P
 .text.avr-libc
                0x00004f40       0x16 c:/winavr-20100110/bin/../lib/gcc/avr/4.3.3/../../../../avr/lib/avr5\libc.a(strnlen.o)
                0x00004f40                strnlen
 .text.avr-libc
                0x00004f56       0x20 c:/winavr-20100110/bin/../lib/gcc/avr/4.3.3/../../../../avr/lib/avr5\libc.a(strrev.o)
                0x00004f56                strrev
 .text.avr-libc
                0x00004f76       0x58 c:/winavr-20100110/bin/../lib/gcc/avr/4.3.3/../../../../avr/lib/avr5\libc.a(fputc.o)
                0x00004f76                fputc
 .text.avr-libc
                0x00004fce       0xbc c:/winavr-20100110/bin/../lib/gcc/avr/4.3.3/../../../../avr/lib/avr5\libc.a(ultoa_invert.o)
                0x00004fce                __ultoa_invert
                0x0000508a                . = ALIGN (0x2)
 *(.fini9)
 .fini9         0x0000508a        0x0 c:/winavr-20100110/bin/../lib/gcc/avr/4.3.3/avr5\libgcc.a(_exit.o)
                0x0000508a                exit
                0x0000508a                _exit
 *(.fini9)
 *(.fini8)
 *(.fini8)
 *(.fini7)
 *(.fini7)
 *(.fini6)
 *(.fini6)
 *(.fini5)
 *(.fini5)
 *(.fini4)
 *(.fini4)
 *(.fini3)
 *(.fini3)
 *(.fini2)
 *(.fini2)
 *(.fini1)
 *(.fini1)
 *(.fini0)
 .fini0         0x0000508a        0x4 c:/winavr-20100110/bin/../lib/gcc/avr/4.3.3/avr5\libgcc.a(_exit.o)
 *(.fini0)
                0x0000508e                _etext = .

.data           0x00800060      0x422 load address 0x0000508e
                0x00800060                PROVIDE (__data_start, .)
 *(.data)
 .data          0x00800060        0x0 c:/winavr-20100110/bin/../lib/gcc/avr/4.3.3/../../../../avr/lib/avr5/crtm32.o
 .data          0x00800060        0x0 ./MCAL/UART/UART_prog.o
 .data          0x00800060        0x0 ./MCAL/PORT/Port_prog.o
 .data          0x00800060        0x0 ./MCAL/GIE/GIE_prog.o
 .data          0x00800060        0x0 ./MCAL/EX_INT/EX_INT_prog.o
 .data          0x00800060        0x0 ./MCAL/DIO/Dio_prog.o
 .data          0x00800060        0x0 ./MCAL/ADC/ADC_prog.o
 .data          0x00800060       0xf8 ./HAL/WIFI/WIFI_prog.o
 .data          0x00800158        0x0 ./HAL/LM35/LM35_prog.o
 .data          0x00800158        0x0 ./HAL/LED/Led_prog.o
 .data          0x00800158        0x0 ./HAL/LDR/LDR_prog.o
 .data          0x00800158        0x0 ./HAL/LCD/LCD_prg.o
 .data          0x00800158        0x0 ./HAL/DC_MOTOR/DC_MOTOR_prog.o
 .data          0x00800158        0x0 ./CONFIG/APPCfg/SmartHome_Lcfg.o
 .data          0x00800158        0x0 ./CONFIG/ADC_Lconfig.o
 .data          0x00800158        0x0 ./CONFIG/DC_MOTOR_Lconfig.o
 .data          0x00800158        0x0 ./CONFIG/Dio_Lcfg.o
 .data          0x00800158        0x0 ./CONFIG/EX_INT_Lconfig.o
 .data          0x00800158        0x0 ./CONFIG/LCD_Lcfg.o
 .data          0x00800158        0x0 ./CONFIG/LDR_Lconfig.o
 .data          0x00800158        0x0 ./CONFIG/LM35_Lconfig.o
 .data          0x00800158        0x0 ./CONFIG/Led_Lcfg.o
 .data          0x00800158        0x0 ./CONFIG/Port_Lcfg.o
 .data          0x00800158        0x0 ./CONFIG/TIM_Lconfig.o
 .data          0x00800158        0x0 ./CONFIG/UART_Lcfg.o
 .data          0x00800158       0x1c ./CONFIG/WIFI_Lcfg.o
 .data          0x00800174        0x0 ./APP/millis/millis.o
 .data          0x00800174       0x20 ./APP/SmartHome/SmartHome_prog.o
 .data          0x00800194       0x29 ./APP/main.o
 .data          0x008001bd        0x0 c:/winavr-20100110/bin/../lib/gcc/avr/4.3.3/avr5\libgcc.a(_udivmodqi4.o)
 .data          0x008001bd        0x0 c:/winavr-20100110/bin/../lib/gcc/avr/4.3.3/avr5\libgcc.a(_udivmodhi4.o)
 .data          0x008001bd        0x0 c:/winavr-20100110/bin/../lib/gcc/avr/4.3.3/avr5\libgcc.a(_udivmodsi4.o)
 .data          0x008001bd        0x0 c:/winavr-20100110/bin/../lib/gcc/avr/4.3.3/avr5\libgcc.a(_divmodsi4.o)
 .data          0x008001bd        0x0 c:/winavr-20100110/bin/../lib/gcc/avr/4.3.3/avr5\libgcc.a(_exit.o)
 .data          0x008001bd        0x0 c:/winavr-20100110/bin/../lib/gcc/avr/4.3.3/avr5\libgcc.a(_copy_data.o)
 .data          0x008001bd        0x0 c:/winavr-20100110/bin/../lib/gcc/avr/4.3.3/avr5\libgcc.a(_clear_bss.o)
 .data          0x008001bd        0x0 c:/winavr-20100110/bin/../lib/gcc/avr/4.3.3/avr5\libgcc.a(_fixunssfsi.o)
 .data          0x008001bd        0x0 c:/winavr-20100110/bin/../lib/gcc/avr/4.3.3/avr5\libgcc.a(_addsub_sf.o)
 .data          0x008001bd        0x0 c:/winavr-20100110/bin/../lib/gcc/avr/4.3.3/avr5\libgcc.a(_mul_sf.o)
 .data          0x008001bd        0x0 c:/winavr-20100110/bin/../lib/gcc/avr/4.3.3/avr5\libgcc.a(_div_sf.o)
 .data          0x008001bd        0x0 c:/winavr-20100110/bin/../lib/gcc/avr/4.3.3/avr5\libgcc.a(_eq_sf.o)
 .data          0x008001bd        0x0 c:/winavr-20100110/bin/../lib/gcc/avr/4.3.3/avr5\libgcc.a(_gt_sf.o)
 .data          0x008001bd        0x0 c:/winavr-20100110/bin/../lib/gcc/avr/4.3.3/avr5\libgcc.a(_ge_sf.o)
 .data          0x008001bd        0x0 c:/winavr-20100110/bin/../lib/gcc/avr/4.3.3/avr5\libgcc.a(_lt_sf.o)
 .data          0x008001bd        0x0 c:/winavr-20100110/bin/../lib/gcc/avr/4.3.3/avr5\libgcc.a(_sf_to_si.o)
 .data          0x008001bd        0x8 c:/winavr-20100110/bin/../lib/gcc/avr/4.3.3/avr5\libgcc.a(_thenan_sf.o)
                0x008001bd                __thenan_sf
 .data          0x008001c5        0x0 c:/winavr-20100110/bin/../lib/gcc/avr/4.3.3/avr5\libgcc.a(_usi_to_sf.o)
 .data          0x008001c5        0x0 c:/winavr-20100110/bin/../lib/gcc/avr/4.3.3/avr5\libgcc.a(_prologue.o)
 .data          0x008001c5        0x0 c:/winavr-20100110/bin/../lib/gcc/avr/4.3.3/avr5\libgcc.a(_epilogue.o)
 .data          0x008001c5        0x0 c:/winavr-20100110/bin/../lib/gcc/avr/4.3.3/avr5\libgcc.a(_clzsi2.o)
 .data          0x008001c5        0x0 c:/winavr-20100110/bin/../lib/gcc/avr/4.3.3/avr5\libgcc.a(_pack_sf.o)
 .data          0x008001c5        0x0 c:/winavr-20100110/bin/../lib/gcc/avr/4.3.3/avr5\libgcc.a(_unpack_sf.o)
 .data          0x008001c5        0x0 c:/winavr-20100110/bin/../lib/gcc/avr/4.3.3/avr5\libgcc.a(_fpcmp_parts_sf.o)
 .data          0x008001c5      0x100 c:/winavr-20100110/bin/../lib/gcc/avr/4.3.3/avr5\libgcc.a(_clz.o)
                0x008001c5                __clz_tab
 .data          0x008002c5        0x0 c:/winavr-20100110/bin/../lib/gcc/avr/4.3.3/../../../../avr/lib/avr5\libc.a(strtok.o)
 .data          0x008002c5        0x0 c:/winavr-20100110/bin/../lib/gcc/avr/4.3.3/../../../../avr/lib/avr5\libc.a(strcmp.o)
 .data          0x008002c5        0x0 c:/winavr-20100110/bin/../lib/gcc/avr/4.3.3/../../../../avr/lib/avr5\libc.a(strcpy.o)
 .data          0x008002c5        0x0 c:/winavr-20100110/bin/../lib/gcc/avr/4.3.3/../../../../avr/lib/avr5\libc.a(strstr.o)
 .data          0x008002c5        0x0 c:/winavr-20100110/bin/../lib/gcc/avr/4.3.3/../../../../avr/lib/avr5\libc.a(strtok_r.o)
 .data          0x008002c5        0x0 c:/winavr-20100110/bin/../lib/gcc/avr/4.3.3/../../../../avr/lib/avr5\libc.a(itoa.o)
 .data          0x008002c5        0x0 c:/winavr-20100110/bin/../lib/gcc/avr/4.3.3/../../../../avr/lib/avr5\libc.a(sprintf.o)
 .data          0x008002c5        0x0 c:/winavr-20100110/bin/../lib/gcc/avr/4.3.3/../../../../avr/lib/avr5\libc.a(vfprintf_std.o)
 .data          0x008002c5        0x0 c:/winavr-20100110/bin/../lib/gcc/avr/4.3.3/../../../../avr/lib/avr5\libc.a(strnlen_P.o)
 .data          0x008002c5        0x0 c:/winavr-20100110/bin/../lib/gcc/avr/4.3.3/../../../../avr/lib/avr5\libc.a(strnlen.o)
 .data          0x008002c5        0x0 c:/winavr-20100110/bin/../lib/gcc/avr/4.3.3/../../../../avr/lib/avr5\libc.a(strrev.o)
 .data          0x008002c5        0x0 c:/winavr-20100110/bin/../lib/gcc/avr/4.3.3/../../../../avr/lib/avr5\libc.a(fputc.o)
 .data          0x008002c5        0x0 c:/winavr-20100110/bin/../lib/gcc/avr/4.3.3/../../../../avr/lib/avr5\libc.a(ultoa_invert.o)
 *(.data*)
 .data.DEVICES_STATE_LIST
                0x008002c5       0x1c ./CONFIG/APPCfg/SmartHome_Lcfg.o
                0x008002c5                DEVICES_STATE_LIST
 .data.LDR_ADC_config_struct
                0x008002e1        0x5 ./CONFIG/ADC_Lconfig.o
                0x008002e1                LDR_ADC_config_struct
 .data.LM35_ADC_config_struct
                0x008002e6        0x5 ./CONFIG/ADC_Lconfig.o
                0x008002e6                LM35_ADC_config_struct
 .data.EX_INT_sources_arr
                0x008002eb        0x9 ./CONFIG/EX_INT_Lconfig.o
                0x008002eb                EX_INT_sources_arr
 .data.lm35_adc_config
                0x008002f4        0x5 ./CONFIG/LM35_Lconfig.o
                0x008002f4                lm35_adc_config
 .data.UART_config
                0x008002f9        0x4 ./CONFIG/UART_Lcfg.o
                0x008002f9                UART_config
 .data.WIFI_Config
                0x008002fd        0x7 ./CONFIG/WIFI_Lcfg.o
                0x008002fd                WIFI_Config
 .data.devices_names
                0x00800304        0x4 ./APP/SmartHome/SmartHome_prog.o
                0x00800304                devices_names
 .data.devices_modes
                0x00800308        0x4 ./APP/SmartHome/SmartHome_prog.o
                0x00800308                devices_modes
 .data.devices_states
                0x0080030c        0x4 ./APP/SmartHome/SmartHome_prog.o
                0x0080030c                devices_states
 .data.devices_commands
                0x00800310        0x6 ./APP/SmartHome/SmartHome_prog.o
                0x00800310                devices_commands
 *(.rodata)
 *(.rodata*)
 .rodata.Port_ConfigArr
                0x00800316       0x64 ./CONFIG/Port_Lcfg.o
                0x00800316                Port_ConfigArr
 .rodata.SmallOS_PortConfig_ARR
                0x0080037a       0x50 ./CONFIG/Port_Lcfg.o
                0x0080037a                SmallOS_PortConfig_ARR
 .rodata.Configurable_Duty_freq_Port_ConfigArr
                0x008003ca       0x5c ./CONFIG/Port_Lcfg.o
                0x008003ca                Configurable_Duty_freq_Port_ConfigArr
 .rodata.LoginSystem_Port_ConfigArr
                0x00800426       0x5c ./CONFIG/Port_Lcfg.o
                0x00800426                LoginSystem_Port_ConfigArr
 *(.gnu.linkonce.d*)
                0x00800482                . = ALIGN (0x2)
                0x00800482                _edata = .
                0x00800482                PROVIDE (__data_end, .)

.bss            0x00800482       0xdb
                0x00800482                PROVIDE (__bss_start, .)
 *(.bss)
 .bss           0x00800482        0x0 c:/winavr-20100110/bin/../lib/gcc/avr/4.3.3/../../../../avr/lib/avr5/crtm32.o
 .bss           0x00800482        0x0 ./MCAL/UART/UART_prog.o
 .bss           0x00800482        0x0 ./MCAL/PORT/Port_prog.o
 .bss           0x00800482        0x0 ./MCAL/GIE/GIE_prog.o
 .bss           0x00800482        0x0 ./MCAL/EX_INT/EX_INT_prog.o
 .bss           0x00800482        0x0 ./MCAL/DIO/Dio_prog.o
 .bss           0x00800482        0x0 ./MCAL/ADC/ADC_prog.o
 .bss           0x00800482        0x0 ./HAL/WIFI/WIFI_prog.o
 .bss           0x00800482        0x0 ./HAL/LM35/LM35_prog.o
 .bss           0x00800482        0x0 ./HAL/LED/Led_prog.o
 .bss           0x00800482        0x0 ./HAL/LDR/LDR_prog.o
 .bss           0x00800482        0x0 ./HAL/LCD/LCD_prg.o
 .bss           0x00800482        0x0 ./HAL/DC_MOTOR/DC_MOTOR_prog.o
 .bss           0x00800482        0x0 ./CONFIG/APPCfg/SmartHome_Lcfg.o
 .bss           0x00800482        0x0 ./CONFIG/ADC_Lconfig.o
 .bss           0x00800482        0x0 ./CONFIG/DC_MOTOR_Lconfig.o
 .bss           0x00800482        0x0 ./CONFIG/Dio_Lcfg.o
 .bss           0x00800482        0x0 ./CONFIG/EX_INT_Lconfig.o
 .bss           0x00800482        0x0 ./CONFIG/LCD_Lcfg.o
 .bss           0x00800482        0x0 ./CONFIG/LDR_Lconfig.o
 .bss           0x00800482        0x0 ./CONFIG/LM35_Lconfig.o
 .bss           0x00800482        0x0 ./CONFIG/Led_Lcfg.o
 .bss           0x00800482        0x0 ./CONFIG/Port_Lcfg.o
 .bss           0x00800482        0x0 ./CONFIG/TIM_Lconfig.o
 .bss           0x00800482        0x0 ./CONFIG/UART_Lcfg.o
 .bss           0x00800482        0x0 ./CONFIG/WIFI_Lcfg.o
 .bss           0x00800482        0x0 ./APP/millis/millis.o
 .bss           0x00800482        0x0 ./APP/SmartHome/SmartHome_prog.o
 .bss           0x00800482        0x0 ./APP/main.o
 .bss           0x00800482        0x0 c:/winavr-20100110/bin/../lib/gcc/avr/4.3.3/avr5\libgcc.a(_udivmodqi4.o)
 .bss           0x00800482        0x0 c:/winavr-20100110/bin/../lib/gcc/avr/4.3.3/avr5\libgcc.a(_udivmodhi4.o)
 .bss           0x00800482        0x0 c:/winavr-20100110/bin/../lib/gcc/avr/4.3.3/avr5\libgcc.a(_udivmodsi4.o)
 .bss           0x00800482        0x0 c:/winavr-20100110/bin/../lib/gcc/avr/4.3.3/avr5\libgcc.a(_divmodsi4.o)
 .bss           0x00800482        0x0 c:/winavr-20100110/bin/../lib/gcc/avr/4.3.3/avr5\libgcc.a(_exit.o)
 .bss           0x00800482        0x0 c:/winavr-20100110/bin/../lib/gcc/avr/4.3.3/avr5\libgcc.a(_copy_data.o)
 .bss           0x00800482        0x0 c:/winavr-20100110/bin/../lib/gcc/avr/4.3.3/avr5\libgcc.a(_clear_bss.o)
 .bss           0x00800482        0x0 c:/winavr-20100110/bin/../lib/gcc/avr/4.3.3/avr5\libgcc.a(_fixunssfsi.o)
 .bss           0x00800482        0x0 c:/winavr-20100110/bin/../lib/gcc/avr/4.3.3/avr5\libgcc.a(_addsub_sf.o)
 .bss           0x00800482        0x0 c:/winavr-20100110/bin/../lib/gcc/avr/4.3.3/avr5\libgcc.a(_mul_sf.o)
 .bss           0x00800482        0x0 c:/winavr-20100110/bin/../lib/gcc/avr/4.3.3/avr5\libgcc.a(_div_sf.o)
 .bss           0x00800482        0x0 c:/winavr-20100110/bin/../lib/gcc/avr/4.3.3/avr5\libgcc.a(_eq_sf.o)
 .bss           0x00800482        0x0 c:/winavr-20100110/bin/../lib/gcc/avr/4.3.3/avr5\libgcc.a(_gt_sf.o)
 .bss           0x00800482        0x0 c:/winavr-20100110/bin/../lib/gcc/avr/4.3.3/avr5\libgcc.a(_ge_sf.o)
 .bss           0x00800482        0x0 c:/winavr-20100110/bin/../lib/gcc/avr/4.3.3/avr5\libgcc.a(_lt_sf.o)
 .bss           0x00800482        0x0 c:/winavr-20100110/bin/../lib/gcc/avr/4.3.3/avr5\libgcc.a(_sf_to_si.o)
 .bss           0x00800482        0x0 c:/winavr-20100110/bin/../lib/gcc/avr/4.3.3/avr5\libgcc.a(_thenan_sf.o)
 .bss           0x00800482        0x0 c:/winavr-20100110/bin/../lib/gcc/avr/4.3.3/avr5\libgcc.a(_usi_to_sf.o)
 .bss           0x00800482        0x0 c:/winavr-20100110/bin/../lib/gcc/avr/4.3.3/avr5\libgcc.a(_prologue.o)
 .bss           0x00800482        0x0 c:/winavr-20100110/bin/../lib/gcc/avr/4.3.3/avr5\libgcc.a(_epilogue.o)
 .bss           0x00800482        0x0 c:/winavr-20100110/bin/../lib/gcc/avr/4.3.3/avr5\libgcc.a(_clzsi2.o)
 .bss           0x00800482        0x0 c:/winavr-20100110/bin/../lib/gcc/avr/4.3.3/avr5\libgcc.a(_pack_sf.o)
 .bss           0x00800482        0x0 c:/winavr-20100110/bin/../lib/gcc/avr/4.3.3/avr5\libgcc.a(_unpack_sf.o)
 .bss           0x00800482        0x0 c:/winavr-20100110/bin/../lib/gcc/avr/4.3.3/avr5\libgcc.a(_fpcmp_parts_sf.o)
 .bss           0x00800482        0x0 c:/winavr-20100110/bin/../lib/gcc/avr/4.3.3/avr5\libgcc.a(_clz.o)
 .bss           0x00800482        0x2 c:/winavr-20100110/bin/../lib/gcc/avr/4.3.3/../../../../avr/lib/avr5\libc.a(strtok.o)
 .bss           0x00800484        0x0 c:/winavr-20100110/bin/../lib/gcc/avr/4.3.3/../../../../avr/lib/avr5\libc.a(strcmp.o)
 .bss           0x00800484        0x0 c:/winavr-20100110/bin/../lib/gcc/avr/4.3.3/../../../../avr/lib/avr5\libc.a(strcpy.o)
 .bss           0x00800484        0x0 c:/winavr-20100110/bin/../lib/gcc/avr/4.3.3/../../../../avr/lib/avr5\libc.a(strstr.o)
 .bss           0x00800484        0x0 c:/winavr-20100110/bin/../lib/gcc/avr/4.3.3/../../../../avr/lib/avr5\libc.a(strtok_r.o)
 .bss           0x00800484        0x0 c:/winavr-20100110/bin/../lib/gcc/avr/4.3.3/../../../../avr/lib/avr5\libc.a(itoa.o)
 .bss           0x00800484        0x0 c:/winavr-20100110/bin/../lib/gcc/avr/4.3.3/../../../../avr/lib/avr5\libc.a(sprintf.o)
 .bss           0x00800484        0x0 c:/winavr-20100110/bin/../lib/gcc/avr/4.3.3/../../../../avr/lib/avr5\libc.a(vfprintf_std.o)
 .bss           0x00800484        0x0 c:/winavr-20100110/bin/../lib/gcc/avr/4.3.3/../../../../avr/lib/avr5\libc.a(strnlen_P.o)
 .bss           0x00800484        0x0 c:/winavr-20100110/bin/../lib/gcc/avr/4.3.3/../../../../avr/lib/avr5\libc.a(strnlen.o)
 .bss           0x00800484        0x0 c:/winavr-20100110/bin/../lib/gcc/avr/4.3.3/../../../../avr/lib/avr5\libc.a(strrev.o)
 .bss           0x00800484        0x0 c:/winavr-20100110/bin/../lib/gcc/avr/4.3.3/../../../../avr/lib/avr5\libc.a(fputc.o)
 .bss           0x00800484        0x0 c:/winavr-20100110/bin/../lib/gcc/avr/4.3.3/../../../../avr/lib/avr5\libc.a(ultoa_invert.o)
 *(.bss*)
 .bss.RX_Wr_Index_UART
                0x00800484        0x1 ./MCAL/UART/UART_prog.o
                0x00800484                RX_Wr_Index_UART
 .bss.RX_Rd_Index_UART
                0x00800485        0x1 ./MCAL/UART/UART_prog.o
                0x00800485                RX_Rd_Index_UART
 .bss.RX_Counter_UART
                0x00800486        0x1 ./MCAL/UART/UART_prog.o
                0x00800486                RX_Counter_UART
 .bss.ADC_CallBackPTR
                0x00800487        0x2 ./MCAL/ADC/ADC_prog.o
 .bss.ADC_ADJUSTMENT
                0x00800489        0x1 ./MCAL/ADC/ADC_prog.o
                0x00800489                ADC_ADJUSTMENT
 .bss.stCounter.1399
                0x0080048a        0x1 ./HAL/LCD/LCD_prg.o
 *(COMMON)
 COMMON         0x0080048b       0x66 ./MCAL/UART/UART_prog.o
                0x0080048b                RX_Buffer_Overflow_UART
                0x0080048c                Rx_Buffer_UART
 COMMON         0x008004f1       0x68 ./HAL/WIFI/WIFI_prog.o
                0x008004f1                buff
                0x00800555                timer1_millis
 COMMON         0x00800559        0x4 ./CONFIG/APPCfg/SmartHome_Lcfg.o
                0x00800559                SensorsHUB
                0x0080055d                PROVIDE (__bss_end, .)
                0x0000508e                __data_load_start = LOADADDR (.data)
                0x000054b0                __data_load_end = (__data_load_start + SIZEOF (.data))

.noinit         0x0080055d        0x0
                0x0080055d                PROVIDE (__noinit_start, .)
 *(.noinit*)
                0x0080055d                PROVIDE (__noinit_end, .)
                0x0080055d                _end = .
                0x0080055d                PROVIDE (__heap_start, .)

.eeprom         0x00810000        0x0
 *(.eeprom*)
                0x00810000                __eeprom_end = .

.fuse
 *(.fuse)
 *(.lfuse)
 *(.hfuse)
 *(.efuse)

.lock
 *(.lock*)

.signature
 *(.signature*)

.stab           0x00000000     0x5d6c
 *(.stab)
 .stab          0x00000000      0x7e0 ./MCAL/UART/UART_prog.o
 .stab          0x000007e0      0x4a4 ./MCAL/PORT/Port_prog.o
                                0x528 (size before relaxing)
 .stab          0x00000c84      0x138 ./MCAL/GIE/GIE_prog.o
                                0x144 (size before relaxing)
 .stab          0x00000dbc      0x15c ./MCAL/EX_INT/EX_INT_prog.o
                                0x168 (size before relaxing)
 .stab          0x00000f18      0x510 ./MCAL/DIO/Dio_prog.o
                                0x594 (size before relaxing)
 .stab          0x00001428      0x450 ./MCAL/ADC/ADC_prog.o
                                0x4d4 (size before relaxing)
 .stab          0x00001878      0xc78 ./HAL/WIFI/WIFI_prog.o
                                0xe94 (size before relaxing)
 .stab          0x000024f0      0x438 ./HAL/LM35/LM35_prog.o
                                0x744 (size before relaxing)
 .stab          0x00002928      0x33c ./HAL/LED/Led_prog.o
                                0x3c0 (size before relaxing)
 .stab          0x00002c64      0x3fc ./HAL/LDR/LDR_prog.o
                                0x714 (size before relaxing)
 .stab          0x00003060      0xbac ./HAL/LCD/LCD_prg.o
                                0xe28 (size before relaxing)
 .stab          0x00003c0c       0xd8 ./HAL/DC_MOTOR/DC_MOTOR_prog.o
                                 0xe4 (size before relaxing)
 .stab          0x00003ce4      0x180 ./CONFIG/APPCfg/SmartHome_Lcfg.o
                                0x204 (size before relaxing)
 .stab          0x00003e64      0x120 ./CONFIG/ADC_Lconfig.o
                                0x210 (size before relaxing)
 .stab          0x00003f84       0xd8 ./CONFIG/DC_MOTOR_Lconfig.o
                                 0xe4 (size before relaxing)
 .stab          0x0000405c       0xd8 ./CONFIG/Dio_Lcfg.o
                                 0xe4 (size before relaxing)
 .stab          0x00004134      0x114 ./CONFIG/EX_INT_Lconfig.o
                                0x174 (size before relaxing)
 .stab          0x00004248       0xd8 ./CONFIG/LCD_Lcfg.o
                                 0xe4 (size before relaxing)
 .stab          0x00004320       0xd8 ./CONFIG/LDR_Lconfig.o
                                 0xe4 (size before relaxing)
 .stab          0x000043f8      0x144 ./CONFIG/LM35_Lconfig.o
                                0x2d0 (size before relaxing)
 .stab          0x0000453c       0xd8 ./CONFIG/Led_Lcfg.o
                                 0xe4 (size before relaxing)
 .stab          0x00004614      0x1c8 ./CONFIG/Port_Lcfg.o
                                0x24c (size before relaxing)
 .stab          0x000047dc       0xd8 ./CONFIG/TIM_Lconfig.o
                                 0xe4 (size before relaxing)
 .stab          0x000048b4       0xf0 ./CONFIG/UART_Lcfg.o
                                0x174 (size before relaxing)
 .stab          0x000049a4      0x168 ./CONFIG/WIFI_Lcfg.o
                                0x174 (size before relaxing)
 .stab          0x00004b0c      0x348 ./APP/millis/millis.o
                                0x4d4 (size before relaxing)
 .stab          0x00004e54      0x9f0 ./APP/SmartHome/SmartHome_prog.o
                                0xc18 (size before relaxing)
 .stab          0x00005844      0x528 ./APP/main.o
                                0xa80 (size before relaxing)

.stabstr        0x00000000     0x51ce
 *(.stabstr)
 .stabstr       0x00000000     0x51ce ./MCAL/UART/UART_prog.o

.stab.excl
 *(.stab.excl)

.stab.exclstr
 *(.stab.exclstr)

.stab.index
 *(.stab.index)

.stab.indexstr
 *(.stab.indexstr)

.comment
 *(.comment)

.debug
 *(.debug)

.line
 *(.line)

.debug_srcinfo
 *(.debug_srcinfo)

.debug_sfnames
 *(.debug_sfnames)

.debug_aranges  0x00000000      0x1c0
 *(.debug_aranges)
 .debug_aranges
                0x00000000       0x20 c:/winavr-20100110/bin/../lib/gcc/avr/4.3.3/avr5\libgcc.a(_fixunssfsi.o)
 .debug_aranges
                0x00000020       0x20 c:/winavr-20100110/bin/../lib/gcc/avr/4.3.3/avr5\libgcc.a(_addsub_sf.o)
 .debug_aranges
                0x00000040       0x20 c:/winavr-20100110/bin/../lib/gcc/avr/4.3.3/avr5\libgcc.a(_mul_sf.o)
 .debug_aranges
                0x00000060       0x20 c:/winavr-20100110/bin/../lib/gcc/avr/4.3.3/avr5\libgcc.a(_div_sf.o)
 .debug_aranges
                0x00000080       0x20 c:/winavr-20100110/bin/../lib/gcc/avr/4.3.3/avr5\libgcc.a(_eq_sf.o)
 .debug_aranges
                0x000000a0       0x20 c:/winavr-20100110/bin/../lib/gcc/avr/4.3.3/avr5\libgcc.a(_gt_sf.o)
 .debug_aranges
                0x000000c0       0x20 c:/winavr-20100110/bin/../lib/gcc/avr/4.3.3/avr5\libgcc.a(_ge_sf.o)
 .debug_aranges
                0x000000e0       0x20 c:/winavr-20100110/bin/../lib/gcc/avr/4.3.3/avr5\libgcc.a(_lt_sf.o)
 .debug_aranges
                0x00000100       0x20 c:/winavr-20100110/bin/../lib/gcc/avr/4.3.3/avr5\libgcc.a(_sf_to_si.o)
 .debug_aranges
                0x00000120       0x20 c:/winavr-20100110/bin/../lib/gcc/avr/4.3.3/avr5\libgcc.a(_usi_to_sf.o)
 .debug_aranges
                0x00000140       0x20 c:/winavr-20100110/bin/../lib/gcc/avr/4.3.3/avr5\libgcc.a(_clzsi2.o)
 .debug_aranges
                0x00000160       0x20 c:/winavr-20100110/bin/../lib/gcc/avr/4.3.3/avr5\libgcc.a(_pack_sf.o)
 .debug_aranges
                0x00000180       0x20 c:/winavr-20100110/bin/../lib/gcc/avr/4.3.3/avr5\libgcc.a(_unpack_sf.o)
 .debug_aranges
                0x000001a0       0x20 c:/winavr-20100110/bin/../lib/gcc/avr/4.3.3/avr5\libgcc.a(_fpcmp_parts_sf.o)

.debug_pubnames
                0x00000000      0x210
 *(.debug_pubnames)
 .debug_pubnames
                0x00000000       0x23 c:/winavr-20100110/bin/../lib/gcc/avr/4.3.3/avr5\libgcc.a(_fixunssfsi.o)
 .debug_pubnames
                0x00000023       0x2c c:/winavr-20100110/bin/../lib/gcc/avr/4.3.3/avr5\libgcc.a(_addsub_sf.o)
 .debug_pubnames
                0x0000004f       0x1f c:/winavr-20100110/bin/../lib/gcc/avr/4.3.3/avr5\libgcc.a(_mul_sf.o)
 .debug_pubnames
                0x0000006e       0x1f c:/winavr-20100110/bin/../lib/gcc/avr/4.3.3/avr5\libgcc.a(_div_sf.o)
 .debug_pubnames
                0x0000008d       0x1e c:/winavr-20100110/bin/../lib/gcc/avr/4.3.3/avr5\libgcc.a(_eq_sf.o)
 .debug_pubnames
                0x000000ab       0x1e c:/winavr-20100110/bin/../lib/gcc/avr/4.3.3/avr5\libgcc.a(_gt_sf.o)
 .debug_pubnames
                0x000000c9       0x1e c:/winavr-20100110/bin/../lib/gcc/avr/4.3.3/avr5\libgcc.a(_ge_sf.o)
 .debug_pubnames
                0x000000e7       0x1e c:/winavr-20100110/bin/../lib/gcc/avr/4.3.3/avr5\libgcc.a(_lt_sf.o)
 .debug_pubnames
                0x00000105       0x20 c:/winavr-20100110/bin/../lib/gcc/avr/4.3.3/avr5\libgcc.a(_sf_to_si.o)
 .debug_pubnames
                0x00000125       0x22 c:/winavr-20100110/bin/../lib/gcc/avr/4.3.3/avr5\libgcc.a(_thenan_sf.o)
 .debug_pubnames
                0x00000147       0x24 c:/winavr-20100110/bin/../lib/gcc/avr/4.3.3/avr5\libgcc.a(_usi_to_sf.o)
 .debug_pubnames
                0x0000016b       0x1f c:/winavr-20100110/bin/../lib/gcc/avr/4.3.3/avr5\libgcc.a(_clzsi2.o)
 .debug_pubnames
                0x0000018a       0x1f c:/winavr-20100110/bin/../lib/gcc/avr/4.3.3/avr5\libgcc.a(_pack_sf.o)
 .debug_pubnames
                0x000001a9       0x21 c:/winavr-20100110/bin/../lib/gcc/avr/4.3.3/avr5\libgcc.a(_unpack_sf.o)
 .debug_pubnames
                0x000001ca       0x26 c:/winavr-20100110/bin/../lib/gcc/avr/4.3.3/avr5\libgcc.a(_fpcmp_parts_sf.o)
 .debug_pubnames
                0x000001f0       0x20 c:/winavr-20100110/bin/../lib/gcc/avr/4.3.3/avr5\libgcc.a(_clz.o)

.debug_info     0x00000000     0x268a
 *(.debug_info)
 .debug_info    0x00000000       0xb1 c:/winavr-20100110/bin/../lib/gcc/avr/4.3.3/avr5\libgcc.a(_fixunssfsi.o)
 .debug_info    0x000000b1      0x47a c:/winavr-20100110/bin/../lib/gcc/avr/4.3.3/avr5\libgcc.a(_addsub_sf.o)
 .debug_info    0x0000052b      0x485 c:/winavr-20100110/bin/../lib/gcc/avr/4.3.3/avr5\libgcc.a(_mul_sf.o)
 .debug_info    0x000009b0      0x3fc c:/winavr-20100110/bin/../lib/gcc/avr/4.3.3/avr5\libgcc.a(_div_sf.o)
 .debug_info    0x00000dac      0x27f c:/winavr-20100110/bin/../lib/gcc/avr/4.3.3/avr5\libgcc.a(_eq_sf.o)
 .debug_info    0x0000102b      0x27f c:/winavr-20100110/bin/../lib/gcc/avr/4.3.3/avr5\libgcc.a(_gt_sf.o)
 .debug_info    0x000012aa      0x27f c:/winavr-20100110/bin/../lib/gcc/avr/4.3.3/avr5\libgcc.a(_ge_sf.o)
 .debug_info    0x00001529      0x27f c:/winavr-20100110/bin/../lib/gcc/avr/4.3.3/avr5\libgcc.a(_lt_sf.o)
 .debug_info    0x000017a8      0x2b0 c:/winavr-20100110/bin/../lib/gcc/avr/4.3.3/avr5\libgcc.a(_sf_to_si.o)
 .debug_info    0x00001a58      0x12c c:/winavr-20100110/bin/../lib/gcc/avr/4.3.3/avr5\libgcc.a(_thenan_sf.o)
 .debug_info    0x00001b84      0x206 c:/winavr-20100110/bin/../lib/gcc/avr/4.3.3/avr5\libgcc.a(_usi_to_sf.o)
 .debug_info    0x00001d8a      0x117 c:/winavr-20100110/bin/../lib/gcc/avr/4.3.3/avr5\libgcc.a(_clzsi2.o)
 .debug_info    0x00001ea1      0x2df c:/winavr-20100110/bin/../lib/gcc/avr/4.3.3/avr5\libgcc.a(_pack_sf.o)
 .debug_info    0x00002180      0x251 c:/winavr-20100110/bin/../lib/gcc/avr/4.3.3/avr5\libgcc.a(_unpack_sf.o)
 .debug_info    0x000023d1      0x210 c:/winavr-20100110/bin/../lib/gcc/avr/4.3.3/avr5\libgcc.a(_fpcmp_parts_sf.o)
 .debug_info    0x000025e1       0xa9 c:/winavr-20100110/bin/../lib/gcc/avr/4.3.3/avr5\libgcc.a(_clz.o)
 *(.gnu.linkonce.wi.*)

.debug_abbrev   0x00000000     0x14e0
 *(.debug_abbrev)
 .debug_abbrev  0x00000000       0x5d c:/winavr-20100110/bin/../lib/gcc/avr/4.3.3/avr5\libgcc.a(_fixunssfsi.o)
 .debug_abbrev  0x0000005d      0x1ea c:/winavr-20100110/bin/../lib/gcc/avr/4.3.3/avr5\libgcc.a(_addsub_sf.o)
 .debug_abbrev  0x00000247      0x21b c:/winavr-20100110/bin/../lib/gcc/avr/4.3.3/avr5\libgcc.a(_mul_sf.o)
 .debug_abbrev  0x00000462      0x216 c:/winavr-20100110/bin/../lib/gcc/avr/4.3.3/avr5\libgcc.a(_div_sf.o)
 .debug_abbrev  0x00000678      0x15a c:/winavr-20100110/bin/../lib/gcc/avr/4.3.3/avr5\libgcc.a(_eq_sf.o)
 .debug_abbrev  0x000007d2      0x15a c:/winavr-20100110/bin/../lib/gcc/avr/4.3.3/avr5\libgcc.a(_gt_sf.o)
 .debug_abbrev  0x0000092c      0x15a c:/winavr-20100110/bin/../lib/gcc/avr/4.3.3/avr5\libgcc.a(_ge_sf.o)
 .debug_abbrev  0x00000a86      0x15a c:/winavr-20100110/bin/../lib/gcc/avr/4.3.3/avr5\libgcc.a(_lt_sf.o)
 .debug_abbrev  0x00000be0      0x17f c:/winavr-20100110/bin/../lib/gcc/avr/4.3.3/avr5\libgcc.a(_sf_to_si.o)
 .debug_abbrev  0x00000d5f       0xad c:/winavr-20100110/bin/../lib/gcc/avr/4.3.3/avr5\libgcc.a(_thenan_sf.o)
 .debug_abbrev  0x00000e0c      0x157 c:/winavr-20100110/bin/../lib/gcc/avr/4.3.3/avr5\libgcc.a(_usi_to_sf.o)
 .debug_abbrev  0x00000f63       0xc4 c:/winavr-20100110/bin/../lib/gcc/avr/4.3.3/avr5\libgcc.a(_clzsi2.o)
 .debug_abbrev  0x00001027      0x1c0 c:/winavr-20100110/bin/../lib/gcc/avr/4.3.3/avr5\libgcc.a(_pack_sf.o)
 .debug_abbrev  0x000011e7      0x154 c:/winavr-20100110/bin/../lib/gcc/avr/4.3.3/avr5\libgcc.a(_unpack_sf.o)
 .debug_abbrev  0x0000133b      0x13b c:/winavr-20100110/bin/../lib/gcc/avr/4.3.3/avr5\libgcc.a(_fpcmp_parts_sf.o)
 .debug_abbrev  0x00001476       0x6a c:/winavr-20100110/bin/../lib/gcc/avr/4.3.3/avr5\libgcc.a(_clz.o)

.debug_line     0x00000000     0x12a9
 *(.debug_line)
 .debug_line    0x00000000       0xa7 c:/winavr-20100110/bin/../lib/gcc/avr/4.3.3/avr5\libgcc.a(_fixunssfsi.o)
 .debug_line    0x000000a7      0x2af c:/winavr-20100110/bin/../lib/gcc/avr/4.3.3/avr5\libgcc.a(_addsub_sf.o)
 .debug_line    0x00000356      0x239 c:/winavr-20100110/bin/../lib/gcc/avr/4.3.3/avr5\libgcc.a(_mul_sf.o)
 .debug_line    0x0000058f      0x1d5 c:/winavr-20100110/bin/../lib/gcc/avr/4.3.3/avr5\libgcc.a(_div_sf.o)
 .debug_line    0x00000764       0xd3 c:/winavr-20100110/bin/../lib/gcc/avr/4.3.3/avr5\libgcc.a(_eq_sf.o)
 .debug_line    0x00000837       0xd3 c:/winavr-20100110/bin/../lib/gcc/avr/4.3.3/avr5\libgcc.a(_gt_sf.o)
 .debug_line    0x0000090a       0xd3 c:/winavr-20100110/bin/../lib/gcc/avr/4.3.3/avr5\libgcc.a(_ge_sf.o)
 .debug_line    0x000009dd       0xd3 c:/winavr-20100110/bin/../lib/gcc/avr/4.3.3/avr5\libgcc.a(_lt_sf.o)
 .debug_line    0x00000ab0      0x109 c:/winavr-20100110/bin/../lib/gcc/avr/4.3.3/avr5\libgcc.a(_sf_to_si.o)
 .debug_line    0x00000bb9       0x90 c:/winavr-20100110/bin/../lib/gcc/avr/4.3.3/avr5\libgcc.a(_thenan_sf.o)
 .debug_line    0x00000c49      0x133 c:/winavr-20100110/bin/../lib/gcc/avr/4.3.3/avr5\libgcc.a(_usi_to_sf.o)
 .debug_line    0x00000d7c       0xa5 c:/winavr-20100110/bin/../lib/gcc/avr/4.3.3/avr5\libgcc.a(_clzsi2.o)
 .debug_line    0x00000e21      0x18a c:/winavr-20100110/bin/../lib/gcc/avr/4.3.3/avr5\libgcc.a(_pack_sf.o)
 .debug_line    0x00000fab      0x14b c:/winavr-20100110/bin/../lib/gcc/avr/4.3.3/avr5\libgcc.a(_unpack_sf.o)
 .debug_line    0x000010f6      0x137 c:/winavr-20100110/bin/../lib/gcc/avr/4.3.3/avr5\libgcc.a(_fpcmp_parts_sf.o)
 .debug_line    0x0000122d       0x7c c:/winavr-20100110/bin/../lib/gcc/avr/4.3.3/avr5\libgcc.a(_clz.o)

.debug_frame    0x00000000      0x1e0
 *(.debug_frame)
 .debug_frame   0x00000000       0x20 c:/winavr-20100110/bin/../lib/gcc/avr/4.3.3/avr5\libgcc.a(_fixunssfsi.o)
 .debug_frame   0x00000020       0x40 c:/winavr-20100110/bin/../lib/gcc/avr/4.3.3/avr5\libgcc.a(_addsub_sf.o)
 .debug_frame   0x00000060       0x20 c:/winavr-20100110/bin/../lib/gcc/avr/4.3.3/avr5\libgcc.a(_mul_sf.o)
 .debug_frame   0x00000080       0x20 c:/winavr-20100110/bin/../lib/gcc/avr/4.3.3/avr5\libgcc.a(_div_sf.o)
 .debug_frame   0x000000a0       0x20 c:/winavr-20100110/bin/../lib/gcc/avr/4.3.3/avr5\libgcc.a(_eq_sf.o)
 .debug_frame   0x000000c0       0x20 c:/winavr-20100110/bin/../lib/gcc/avr/4.3.3/avr5\libgcc.a(_gt_sf.o)
 .debug_frame   0x000000e0       0x20 c:/winavr-20100110/bin/../lib/gcc/avr/4.3.3/avr5\libgcc.a(_ge_sf.o)
 .debug_frame   0x00000100       0x20 c:/winavr-20100110/bin/../lib/gcc/avr/4.3.3/avr5\libgcc.a(_lt_sf.o)
 .debug_frame   0x00000120       0x20 c:/winavr-20100110/bin/../lib/gcc/avr/4.3.3/avr5\libgcc.a(_sf_to_si.o)
 .debug_frame   0x00000140       0x20 c:/winavr-20100110/bin/../lib/gcc/avr/4.3.3/avr5\libgcc.a(_usi_to_sf.o)
 .debug_frame   0x00000160       0x20 c:/winavr-20100110/bin/../lib/gcc/avr/4.3.3/avr5\libgcc.a(_clzsi2.o)
 .debug_frame   0x00000180       0x20 c:/winavr-20100110/bin/../lib/gcc/avr/4.3.3/avr5\libgcc.a(_pack_sf.o)
 .debug_frame   0x000001a0       0x20 c:/winavr-20100110/bin/../lib/gcc/avr/4.3.3/avr5\libgcc.a(_unpack_sf.o)
 .debug_frame   0x000001c0       0x20 c:/winavr-20100110/bin/../lib/gcc/avr/4.3.3/avr5\libgcc.a(_fpcmp_parts_sf.o)

.debug_str      0x00000000      0x2fe
 *(.debug_str)
 .debug_str     0x00000000       0xbf c:/winavr-20100110/bin/../lib/gcc/avr/4.3.3/avr5\libgcc.a(_fixunssfsi.o)
                                 0xfe (size before relaxing)
 .debug_str     0x000000bf      0x14d c:/winavr-20100110/bin/../lib/gcc/avr/4.3.3/avr5\libgcc.a(_addsub_sf.o)
                                0x206 (size before relaxing)
 .debug_str     0x0000020c       0x27 c:/winavr-20100110/bin/../lib/gcc/avr/4.3.3/avr5\libgcc.a(_mul_sf.o)
                                0x1bf (size before relaxing)
 .debug_str     0x00000233       0x35 c:/winavr-20100110/bin/../lib/gcc/avr/4.3.3/avr5\libgcc.a(_div_sf.o)
                                0x1c8 (size before relaxing)
 .debug_str     0x00000268        0x8 c:/winavr-20100110/bin/../lib/gcc/avr/4.3.3/avr5\libgcc.a(_eq_sf.o)
                                0x195 (size before relaxing)
 .debug_str     0x00000270        0x8 c:/winavr-20100110/bin/../lib/gcc/avr/4.3.3/avr5\libgcc.a(_gt_sf.o)
                                0x195 (size before relaxing)
 .debug_str     0x00000278        0x8 c:/winavr-20100110/bin/../lib/gcc/avr/4.3.3/avr5\libgcc.a(_ge_sf.o)
                                0x195 (size before relaxing)
 .debug_str     0x00000280        0x8 c:/winavr-20100110/bin/../lib/gcc/avr/4.3.3/avr5\libgcc.a(_lt_sf.o)
                                0x195 (size before relaxing)
 .debug_str     0x00000288        0xa c:/winavr-20100110/bin/../lib/gcc/avr/4.3.3/avr5\libgcc.a(_sf_to_si.o)
                                0x19e (size before relaxing)
 .debug_str     0x00000000      0x103 c:/winavr-20100110/bin/../lib/gcc/avr/4.3.3/avr5\libgcc.a(_thenan_sf.o)
 .debug_str     0x00000292       0x21 c:/winavr-20100110/bin/../lib/gcc/avr/4.3.3/avr5\libgcc.a(_usi_to_sf.o)
                                0x177 (size before relaxing)
 .debug_str     0x000002b3       0x20 c:/winavr-20100110/bin/../lib/gcc/avr/4.3.3/avr5\libgcc.a(_clzsi2.o)
                                0x111 (size before relaxing)
 .debug_str     0x000002d3       0x10 c:/winavr-20100110/bin/../lib/gcc/avr/4.3.3/avr5\libgcc.a(_pack_sf.o)
                                0x19d (size before relaxing)
 .debug_str     0x000002e3        0xb c:/winavr-20100110/bin/../lib/gcc/avr/4.3.3/avr5\libgcc.a(_unpack_sf.o)
                                0x17f (size before relaxing)
 .debug_str     0x000002ee       0x10 c:/winavr-20100110/bin/../lib/gcc/avr/4.3.3/avr5\libgcc.a(_fpcmp_parts_sf.o)
                                0x163 (size before relaxing)
 .debug_str     0x00000000       0xf4 c:/winavr-20100110/bin/../lib/gcc/avr/4.3.3/avr5\libgcc.a(_clz.o)

.debug_loc      0x00000000      0x9aa
 *(.debug_loc)
 .debug_loc     0x00000000       0x34 c:/winavr-20100110/bin/../lib/gcc/avr/4.3.3/avr5\libgcc.a(_fixunssfsi.o)
 .debug_loc     0x00000034      0x32a c:/winavr-20100110/bin/../lib/gcc/avr/4.3.3/avr5\libgcc.a(_addsub_sf.o)
 .debug_loc     0x0000035e      0x104 c:/winavr-20100110/bin/../lib/gcc/avr/4.3.3/avr5\libgcc.a(_mul_sf.o)
 .debug_loc     0x00000462       0xc0 c:/winavr-20100110/bin/../lib/gcc/avr/4.3.3/avr5\libgcc.a(_div_sf.o)
 .debug_loc     0x00000522       0x3c c:/winavr-20100110/bin/../lib/gcc/avr/4.3.3/avr5\libgcc.a(_eq_sf.o)
 .debug_loc     0x0000055e       0x3c c:/winavr-20100110/bin/../lib/gcc/avr/4.3.3/avr5\libgcc.a(_gt_sf.o)
 .debug_loc     0x0000059a       0x3c c:/winavr-20100110/bin/../lib/gcc/avr/4.3.3/avr5\libgcc.a(_ge_sf.o)
 .debug_loc     0x000005d6       0x3c c:/winavr-20100110/bin/../lib/gcc/avr/4.3.3/avr5\libgcc.a(_lt_sf.o)
 .debug_loc     0x00000612       0x7e c:/winavr-20100110/bin/../lib/gcc/avr/4.3.3/avr5\libgcc.a(_sf_to_si.o)
 .debug_loc     0x00000690       0x4c c:/winavr-20100110/bin/../lib/gcc/avr/4.3.3/avr5\libgcc.a(_usi_to_sf.o)
 .debug_loc     0x000006dc       0x94 c:/winavr-20100110/bin/../lib/gcc/avr/4.3.3/avr5\libgcc.a(_clzsi2.o)
 .debug_loc     0x00000770      0x13e c:/winavr-20100110/bin/../lib/gcc/avr/4.3.3/avr5\libgcc.a(_pack_sf.o)
 .debug_loc     0x000008ae       0xac c:/winavr-20100110/bin/../lib/gcc/avr/4.3.3/avr5\libgcc.a(_unpack_sf.o)
 .debug_loc     0x0000095a       0x50 c:/winavr-20100110/bin/../lib/gcc/avr/4.3.3/avr5\libgcc.a(_fpcmp_parts_sf.o)

.debug_macinfo
 *(.debug_macinfo)
OUTPUT(NTI_FinalProject_ECU2.elf elf32-avr)
LOAD linker stubs

.debug_ranges   0x00000000       0x50
 .debug_ranges  0x00000000       0x50 c:/winavr-20100110/bin/../lib/gcc/avr/4.3.3/avr5\libgcc.a(_mul_sf.o)
