Archive member included because of file (symbol)

c:/winavr-20100110/bin/../lib/gcc/avr/4.3.3/avr5\libgcc.a(_mulsi3.o)
                              ./MCAL/TIMER0/Timer_prog.o (__mulsi3)
c:/winavr-20100110/bin/../lib/gcc/avr/4.3.3/avr5\libgcc.a(_udivmodqi4.o)
                              ./MCAL/PORT/Port_prog.o (__udivmodqi4)
c:/winavr-20100110/bin/../lib/gcc/avr/4.3.3/avr5\libgcc.a(_udivmodhi4.o)
                              ./APP/SmartHome/SmartHome_prog.o (__udivmodhi4)
c:/winavr-20100110/bin/../lib/gcc/avr/4.3.3/avr5\libgcc.a(_udivmodsi4.o)
                              ./MCAL/TIMER0/Timer_prog.o (__udivmodsi4)
c:/winavr-20100110/bin/../lib/gcc/avr/4.3.3/avr5\libgcc.a(_divmodsi4.o)
                              ./HAL/LCD/LCD_prg.o (__divmodsi4)
c:/winavr-20100110/bin/../lib/gcc/avr/4.3.3/avr5\libgcc.a(_exit.o)
                              c:/winavr-20100110/bin/../lib/gcc/avr/4.3.3/../../../../avr/lib/avr5/crtm32.o (exit)
c:/winavr-20100110/bin/../lib/gcc/avr/4.3.3/avr5\libgcc.a(_copy_data.o)
                              ./MCAL/TIMER0/Timer_prog.o (__do_copy_data)
c:/winavr-20100110/bin/../lib/gcc/avr/4.3.3/avr5\libgcc.a(_clear_bss.o)
                              ./MCAL/UART/UART_prog.o (__do_clear_bss)
c:/winavr-20100110/bin/../lib/gcc/avr/4.3.3/avr5\libgcc.a(_fixunssfsi.o)
                              ./MCAL/TIMER0/Timer_prog.o (__fixunssfsi)
c:/winavr-20100110/bin/../lib/gcc/avr/4.3.3/avr5\libgcc.a(_addsub_sf.o)
                              c:/winavr-20100110/bin/../lib/gcc/avr/4.3.3/avr5\libgcc.a(_fixunssfsi.o) (__subsf3)
c:/winavr-20100110/bin/../lib/gcc/avr/4.3.3/avr5\libgcc.a(_mul_sf.o)
                              ./MCAL/TIMER0/Timer_prog.o (__mulsf3)
c:/winavr-20100110/bin/../lib/gcc/avr/4.3.3/avr5\libgcc.a(_div_sf.o)
                              ./HAL/LM35/LM35_prog.o (__divsf3)
c:/winavr-20100110/bin/../lib/gcc/avr/4.3.3/avr5\libgcc.a(_eq_sf.o)
                              ./HAL/LM35/LM35_prog.o (__eqsf2)
c:/winavr-20100110/bin/../lib/gcc/avr/4.3.3/avr5\libgcc.a(_gt_sf.o)
                              ./HAL/WIFI/WIFI_prog.o (__gtsf2)
c:/winavr-20100110/bin/../lib/gcc/avr/4.3.3/avr5\libgcc.a(_ge_sf.o)
                              c:/winavr-20100110/bin/../lib/gcc/avr/4.3.3/avr5\libgcc.a(_fixunssfsi.o) (__gesf2)
c:/winavr-20100110/bin/../lib/gcc/avr/4.3.3/avr5\libgcc.a(_lt_sf.o)
                              ./HAL/WIFI/WIFI_prog.o (__ltsf2)
c:/winavr-20100110/bin/../lib/gcc/avr/4.3.3/avr5\libgcc.a(_si_to_sf.o)
                              ./MCAL/TIMER0/Timer_prog.o (__floatsisf)
c:/winavr-20100110/bin/../lib/gcc/avr/4.3.3/avr5\libgcc.a(_sf_to_si.o)
                              c:/winavr-20100110/bin/../lib/gcc/avr/4.3.3/avr5\libgcc.a(_fixunssfsi.o) (__fixsfsi)
c:/winavr-20100110/bin/../lib/gcc/avr/4.3.3/avr5\libgcc.a(_thenan_sf.o)
                              c:/winavr-20100110/bin/../lib/gcc/avr/4.3.3/avr5\libgcc.a(_addsub_sf.o) (__thenan_sf)
c:/winavr-20100110/bin/../lib/gcc/avr/4.3.3/avr5\libgcc.a(_usi_to_sf.o)
                              ./HAL/LM35/LM35_prog.o (__floatunsisf)
c:/winavr-20100110/bin/../lib/gcc/avr/4.3.3/avr5\libgcc.a(_prologue.o)
                              c:/winavr-20100110/bin/../lib/gcc/avr/4.3.3/avr5\libgcc.a(_addsub_sf.o) (__prologue_saves__)
c:/winavr-20100110/bin/../lib/gcc/avr/4.3.3/avr5\libgcc.a(_epilogue.o)
                              c:/winavr-20100110/bin/../lib/gcc/avr/4.3.3/avr5\libgcc.a(_addsub_sf.o) (__epilogue_restores__)
c:/winavr-20100110/bin/../lib/gcc/avr/4.3.3/avr5\libgcc.a(_clzsi2.o)
                              c:/winavr-20100110/bin/../lib/gcc/avr/4.3.3/avr5\libgcc.a(_si_to_sf.o) (__clzsi2)
c:/winavr-20100110/bin/../lib/gcc/avr/4.3.3/avr5\libgcc.a(_pack_sf.o)
                              c:/winavr-20100110/bin/../lib/gcc/avr/4.3.3/avr5\libgcc.a(_addsub_sf.o) (__pack_f)
c:/winavr-20100110/bin/../lib/gcc/avr/4.3.3/avr5\libgcc.a(_unpack_sf.o)
                              c:/winavr-20100110/bin/../lib/gcc/avr/4.3.3/avr5\libgcc.a(_addsub_sf.o) (__unpack_f)
c:/winavr-20100110/bin/../lib/gcc/avr/4.3.3/avr5\libgcc.a(_fpcmp_parts_sf.o)
                              c:/winavr-20100110/bin/../lib/gcc/avr/4.3.3/avr5\libgcc.a(_eq_sf.o) (__fpcmp_parts_f)
c:/winavr-20100110/bin/../lib/gcc/avr/4.3.3/avr5\libgcc.a(_clz.o)
                              c:/winavr-20100110/bin/../lib/gcc/avr/4.3.3/avr5\libgcc.a(_clzsi2.o) (__clz_tab)
c:/winavr-20100110/bin/../lib/gcc/avr/4.3.3/../../../../avr/lib/avr5\libc.a(strtok.o)
                              ./APP/SmartHome/SmartHome_prog.o (strtok)
c:/winavr-20100110/bin/../lib/gcc/avr/4.3.3/../../../../avr/lib/avr5\libc.a(strcmp.o)
                              ./APP/SmartHome/SmartHome_prog.o (strcmp)
c:/winavr-20100110/bin/../lib/gcc/avr/4.3.3/../../../../avr/lib/avr5\libc.a(strcpy.o)
                              ./APP/SmartHome/SmartHome_prog.o (strcpy)
c:/winavr-20100110/bin/../lib/gcc/avr/4.3.3/../../../../avr/lib/avr5\libc.a(strstr.o)
                              ./HAL/WIFI/WIFI_prog.o (strstr)
c:/winavr-20100110/bin/../lib/gcc/avr/4.3.3/../../../../avr/lib/avr5\libc.a(strtok_r.o)
                              c:/winavr-20100110/bin/../lib/gcc/avr/4.3.3/../../../../avr/lib/avr5\libc.a(strtok.o) (strtok_r)
c:/winavr-20100110/bin/../lib/gcc/avr/4.3.3/../../../../avr/lib/avr5\libc.a(itoa.o)
                              ./APP/SmartHome/SmartHome_prog.o (itoa)
c:/winavr-20100110/bin/../lib/gcc/avr/4.3.3/../../../../avr/lib/avr5\libc.a(sprintf.o)
                              ./HAL/WIFI/WIFI_prog.o (sprintf)
c:/winavr-20100110/bin/../lib/gcc/avr/4.3.3/../../../../avr/lib/avr5\libc.a(vfprintf_std.o)
                              c:/winavr-20100110/bin/../lib/gcc/avr/4.3.3/../../../../avr/lib/avr5\libc.a(sprintf.o) (vfprintf)
c:/winavr-20100110/bin/../lib/gcc/avr/4.3.3/../../../../avr/lib/avr5\libc.a(strnlen_P.o)
                              c:/winavr-20100110/bin/../lib/gcc/avr/4.3.3/../../../../avr/lib/avr5\libc.a(vfprintf_std.o) (strnlen_P)
c:/winavr-20100110/bin/../lib/gcc/avr/4.3.3/../../../../avr/lib/avr5\libc.a(strnlen.o)
                              c:/winavr-20100110/bin/../lib/gcc/avr/4.3.3/../../../../avr/lib/avr5\libc.a(vfprintf_std.o) (strnlen)
c:/winavr-20100110/bin/../lib/gcc/avr/4.3.3/../../../../avr/lib/avr5\libc.a(strrev.o)
                              c:/winavr-20100110/bin/../lib/gcc/avr/4.3.3/../../../../avr/lib/avr5\libc.a(itoa.o) (strrev)
c:/winavr-20100110/bin/../lib/gcc/avr/4.3.3/../../../../avr/lib/avr5\libc.a(fputc.o)
                              c:/winavr-20100110/bin/../lib/gcc/avr/4.3.3/../../../../avr/lib/avr5\libc.a(vfprintf_std.o) (fputc)
c:/winavr-20100110/bin/../lib/gcc/avr/4.3.3/../../../../avr/lib/avr5\libc.a(ultoa_invert.o)
                              c:/winavr-20100110/bin/../lib/gcc/avr/4.3.3/../../../../avr/lib/avr5\libc.a(vfprintf_std.o) (__ultoa_invert)

Allocating common symbols
Common symbol       size              file

buff                0x64              ./HAL/WIFI/WIFI_prog.o
SensorsHUB          0x4               ./CONFIG/APPCfg/SmartHome_Lcfg.o
timer1_millis       0x4               ./HAL/WIFI/WIFI_prog.o
RX_Buffer_Overflow_UART
                    0x1               ./MCAL/UART/UART_prog.o
Rx_Buffer_UART      0x65              ./MCAL/UART/UART_prog.o

Memory Configuration

Name             Origin             Length             Attributes
text             0x00000000         0x00020000         xr
data             0x00800060         0x0000ffa0         rw !x
eeprom           0x00810000         0x00010000         rw !x
fuse             0x00820000         0x00000400         rw !x
lock             0x00830000         0x00000400         rw !x
signature        0x00840000         0x00000400         rw !x
*default*        0x00000000         0xffffffff

Linker script and memory map

LOAD c:/winavr-20100110/bin/../lib/gcc/avr/4.3.3/../../../../avr/lib/avr5/crtm32.o
LOAD ./MCAL/UART/UART_prog.o
LOAD ./MCAL/TIMER0/Timer_prog.o
LOAD ./MCAL/PORT/Port_prog.o
LOAD ./MCAL/GIE/GIE_prog.o
LOAD ./MCAL/EX_INT/EX_INT_prog.o
LOAD ./MCAL/DIO/Dio_prog.o
LOAD ./MCAL/ADC/ADC_prog.o
LOAD ./HAL/WIFI/WIFI_prog.o
LOAD ./HAL/LM35/LM35_prog.o
LOAD ./HAL/LED/Led_prog.o
LOAD ./HAL/LDR/LDR_prog.o
LOAD ./HAL/LCD/LCD_prg.o
LOAD ./HAL/DC_MOTOR/DC_Motor_prg.o
LOAD ./CONFIG/APPCfg/SmartHome_Lcfg.o
LOAD ./CONFIG/ADC_Lconfig.o
LOAD ./CONFIG/DC_Motor_Lcfg.o
LOAD ./CONFIG/Dio_Lcfg.o
LOAD ./CONFIG/EX_INT_Lconfig.o
LOAD ./CONFIG/LCD_Lcfg.o
LOAD ./CONFIG/LDR_Lconfig.o
LOAD ./CONFIG/LM35_Lconfig.o
LOAD ./CONFIG/Led_Lcfg.o
LOAD ./CONFIG/Port_Lcfg.o
LOAD ./CONFIG/Timer_Lcfg.o
LOAD ./CONFIG/UART_Lcfg.o
LOAD ./CONFIG/WIFI_Lcfg.o
LOAD ./APP/millis/millis.o
LOAD ./APP/SmartHome/SmartHome_prog.o
LOAD ./APP/main.o
LOAD c:/winavr-20100110/bin/../lib/gcc/avr/4.3.3/avr5\libgcc.a
LOAD c:/winavr-20100110/bin/../lib/gcc/avr/4.3.3/../../../../avr/lib/avr5\libc.a
LOAD c:/winavr-20100110/bin/../lib/gcc/avr/4.3.3/avr5\libgcc.a

.hash
 *(.hash)

.dynsym
 *(.dynsym)

.dynstr
 *(.dynstr)

.gnu.version
 *(.gnu.version)

.gnu.version_d
 *(.gnu.version_d)

.gnu.version_r
 *(.gnu.version_r)

.rel.init
 *(.rel.init)

.rela.init
 *(.rela.init)

.rel.text
 *(.rel.text)
 *(.rel.text.*)
 *(.rel.gnu.linkonce.t*)

.rela.text
 *(.rela.text)
 *(.rela.text.*)
 *(.rela.gnu.linkonce.t*)

.rel.fini
 *(.rel.fini)

.rela.fini
 *(.rela.fini)

.rel.rodata
 *(.rel.rodata)
 *(.rel.rodata.*)
 *(.rel.gnu.linkonce.r*)

.rela.rodata
 *(.rela.rodata)
 *(.rela.rodata.*)
 *(.rela.gnu.linkonce.r*)

.rel.data
 *(.rel.data)
 *(.rel.data.*)
 *(.rel.gnu.linkonce.d*)

.rela.data
 *(.rela.data)
 *(.rela.data.*)
 *(.rela.gnu.linkonce.d*)

.rel.ctors
 *(.rel.ctors)

.rela.ctors
 *(.rela.ctors)

.rel.dtors
 *(.rel.dtors)

.rela.dtors
 *(.rela.dtors)

.rel.got
 *(.rel.got)

.rela.got
 *(.rela.got)

.rel.bss
 *(.rel.bss)

.rela.bss
 *(.rela.bss)

.rel.plt
 *(.rel.plt)

.rela.plt
 *(.rela.plt)

.text           0x00000000     0x593a
 *(.vectors)
 .vectors       0x00000000       0x54 c:/winavr-20100110/bin/../lib/gcc/avr/4.3.3/../../../../avr/lib/avr5/crtm32.o
                0x00000000                __vectors
                0x00000000                __vector_default
 *(.vectors)
 *(.progmem.gcc*)
 *(.progmem*)
                0x00000054                . = ALIGN (0x2)
                0x00000054                __trampolines_start = .
 *(.trampolines)
 .trampolines   0x00000054        0x0 linker stubs
 *(.trampolines*)
                0x00000054                __trampolines_end = .
 *(.jumptables)
 *(.jumptables*)
 *(.lowtext)
 *(.lowtext*)
                0x00000054                __ctors_start = .
 *(.ctors)
                0x00000054                __ctors_end = .
                0x00000054                __dtors_start = .
 *(.dtors)
                0x00000054                __dtors_end = .
 SORT(*)(.ctors)
 SORT(*)(.dtors)
 *(.init0)
 .init0         0x00000054        0x0 c:/winavr-20100110/bin/../lib/gcc/avr/4.3.3/../../../../avr/lib/avr5/crtm32.o
                0x00000054                __init
 *(.init0)
 *(.init1)
 *(.init1)
 *(.init2)
 .init2         0x00000054        0xc c:/winavr-20100110/bin/../lib/gcc/avr/4.3.3/../../../../avr/lib/avr5/crtm32.o
 *(.init2)
 *(.init3)
 *(.init3)
 *(.init4)
 .init4         0x00000060       0x16 c:/winavr-20100110/bin/../lib/gcc/avr/4.3.3/avr5\libgcc.a(_copy_data.o)
                0x00000060                __do_copy_data
 .init4         0x00000076       0x10 c:/winavr-20100110/bin/../lib/gcc/avr/4.3.3/avr5\libgcc.a(_clear_bss.o)
                0x00000076                __do_clear_bss
 *(.init4)
 *(.init5)
 *(.init5)
 *(.init6)
 *(.init6)
 *(.init7)
 *(.init7)
 *(.init8)
 *(.init8)
 *(.init9)
 .init9         0x00000086        0x8 c:/winavr-20100110/bin/../lib/gcc/avr/4.3.3/../../../../avr/lib/avr5/crtm32.o
 *(.init9)
 *(.text)
 .text          0x0000008e        0x4 c:/winavr-20100110/bin/../lib/gcc/avr/4.3.3/../../../../avr/lib/avr5/crtm32.o
                0x0000008e                __vector_1
                0x0000008e                __vector_12
                0x0000008e                __bad_interrupt
                0x0000008e                __vector_6
                0x0000008e                __vector_3
                0x0000008e                __vector_17
                0x0000008e                __vector_19
                0x0000008e                __vector_5
                0x0000008e                __vector_4
                0x0000008e                __vector_9
                0x0000008e                __vector_2
                0x0000008e                __vector_15
                0x0000008e                __vector_8
                0x0000008e                __vector_14
                0x0000008e                __vector_18
                0x0000008e                __vector_20
 .text          0x00000092        0x0 ./MCAL/UART/UART_prog.o
 .text          0x00000092        0x0 ./MCAL/TIMER0/Timer_prog.o
 .text          0x00000092        0x0 ./MCAL/PORT/Port_prog.o
 .text          0x00000092        0x0 ./MCAL/GIE/GIE_prog.o
 .text          0x00000092        0x0 ./MCAL/EX_INT/EX_INT_prog.o
 .text          0x00000092        0x0 ./MCAL/DIO/Dio_prog.o
 .text          0x00000092        0x0 ./MCAL/ADC/ADC_prog.o
 .text          0x00000092        0x0 ./HAL/WIFI/WIFI_prog.o
 .text          0x00000092        0x0 ./HAL/LM35/LM35_prog.o
 .text          0x00000092        0x0 ./HAL/LED/Led_prog.o
 .text          0x00000092        0x0 ./HAL/LDR/LDR_prog.o
 .text          0x00000092        0x0 ./HAL/LCD/LCD_prg.o
 .text          0x00000092        0x0 ./HAL/DC_MOTOR/DC_Motor_prg.o
 .text          0x00000092        0x0 ./CONFIG/APPCfg/SmartHome_Lcfg.o
 .text          0x00000092        0x0 ./CONFIG/ADC_Lconfig.o
 .text          0x00000092        0x0 ./CONFIG/DC_Motor_Lcfg.o
 .text          0x00000092        0x0 ./CONFIG/Dio_Lcfg.o
 .text          0x00000092        0x0 ./CONFIG/EX_INT_Lconfig.o
 .text          0x00000092        0x0 ./CONFIG/LCD_Lcfg.o
 .text          0x00000092        0x0 ./CONFIG/LDR_Lconfig.o
 .text          0x00000092        0x0 ./CONFIG/LM35_Lconfig.o
 .text          0x00000092        0x0 ./CONFIG/Led_Lcfg.o
 .text          0x00000092        0x0 ./CONFIG/Port_Lcfg.o
 .text          0x00000092        0x0 ./CONFIG/Timer_Lcfg.o
 .text          0x00000092        0x0 ./CONFIG/UART_Lcfg.o
 .text          0x00000092        0x0 ./CONFIG/WIFI_Lcfg.o
 .text          0x00000092        0x0 ./APP/millis/millis.o
 .text          0x00000092        0x0 ./APP/SmartHome/SmartHome_prog.o
 .text          0x00000092        0x0 ./APP/main.o
 .text          0x00000092        0x0 c:/winavr-20100110/bin/../lib/gcc/avr/4.3.3/avr5\libgcc.a(_mulsi3.o)
 .text          0x00000092        0x0 c:/winavr-20100110/bin/../lib/gcc/avr/4.3.3/avr5\libgcc.a(_udivmodqi4.o)
 .text          0x00000092        0x0 c:/winavr-20100110/bin/../lib/gcc/avr/4.3.3/avr5\libgcc.a(_udivmodhi4.o)
 .text          0x00000092        0x0 c:/winavr-20100110/bin/../lib/gcc/avr/4.3.3/avr5\libgcc.a(_udivmodsi4.o)
 .text          0x00000092        0x0 c:/winavr-20100110/bin/../lib/gcc/avr/4.3.3/avr5\libgcc.a(_divmodsi4.o)
 .text          0x00000092        0x0 c:/winavr-20100110/bin/../lib/gcc/avr/4.3.3/avr5\libgcc.a(_exit.o)
 .text          0x00000092        0x0 c:/winavr-20100110/bin/../lib/gcc/avr/4.3.3/avr5\libgcc.a(_copy_data.o)
 .text          0x00000092        0x0 c:/winavr-20100110/bin/../lib/gcc/avr/4.3.3/avr5\libgcc.a(_clear_bss.o)
 .text          0x00000092       0x58 c:/winavr-20100110/bin/../lib/gcc/avr/4.3.3/avr5\libgcc.a(_fixunssfsi.o)
                0x00000092                __fixunssfsi
 .text          0x000000ea      0x354 c:/winavr-20100110/bin/../lib/gcc/avr/4.3.3/avr5\libgcc.a(_addsub_sf.o)
                0x00000382                __subsf3
                0x000003e4                __addsf3
 .text          0x0000043e      0x1f4 c:/winavr-20100110/bin/../lib/gcc/avr/4.3.3/avr5\libgcc.a(_mul_sf.o)
                0x0000043e                __mulsf3
 .text          0x00000632      0x158 c:/winavr-20100110/bin/../lib/gcc/avr/4.3.3/avr5\libgcc.a(_div_sf.o)
                0x00000632                __divsf3
 .text          0x0000078a       0x60 c:/winavr-20100110/bin/../lib/gcc/avr/4.3.3/avr5\libgcc.a(_eq_sf.o)
                0x0000078a                __eqsf2
 .text          0x000007ea       0x60 c:/winavr-20100110/bin/../lib/gcc/avr/4.3.3/avr5\libgcc.a(_gt_sf.o)
                0x000007ea                __gtsf2
 .text          0x0000084a       0x60 c:/winavr-20100110/bin/../lib/gcc/avr/4.3.3/avr5\libgcc.a(_ge_sf.o)
                0x0000084a                __gesf2
 .text          0x000008aa       0x60 c:/winavr-20100110/bin/../lib/gcc/avr/4.3.3/avr5\libgcc.a(_lt_sf.o)
                0x000008aa                __ltsf2
 .text          0x0000090a       0xbc c:/winavr-20100110/bin/../lib/gcc/avr/4.3.3/avr5\libgcc.a(_si_to_sf.o)
                0x0000090a                __floatsisf
 .text          0x000009c6       0xa8 c:/winavr-20100110/bin/../lib/gcc/avr/4.3.3/avr5\libgcc.a(_sf_to_si.o)
                0x000009c6                __fixsfsi
 .text          0x00000a6e        0x0 c:/winavr-20100110/bin/../lib/gcc/avr/4.3.3/avr5\libgcc.a(_thenan_sf.o)
 .text          0x00000a6e       0xf2 c:/winavr-20100110/bin/../lib/gcc/avr/4.3.3/avr5\libgcc.a(_usi_to_sf.o)
                0x00000a6e                __floatunsisf
 .text          0x00000b60        0x0 c:/winavr-20100110/bin/../lib/gcc/avr/4.3.3/avr5\libgcc.a(_prologue.o)
 .text          0x00000b60        0x0 c:/winavr-20100110/bin/../lib/gcc/avr/4.3.3/avr5\libgcc.a(_epilogue.o)
 .text          0x00000b60       0x9e c:/winavr-20100110/bin/../lib/gcc/avr/4.3.3/avr5\libgcc.a(_clzsi2.o)
                0x00000b60                __clzsi2
 .text          0x00000bfe      0x1aa c:/winavr-20100110/bin/../lib/gcc/avr/4.3.3/avr5\libgcc.a(_pack_sf.o)
                0x00000bfe                __pack_f
 .text          0x00000da8       0xf0 c:/winavr-20100110/bin/../lib/gcc/avr/4.3.3/avr5\libgcc.a(_unpack_sf.o)
                0x00000da8                __unpack_f
 .text          0x00000e98       0xb2 c:/winavr-20100110/bin/../lib/gcc/avr/4.3.3/avr5\libgcc.a(_fpcmp_parts_sf.o)
                0x00000e98                __fpcmp_parts_f
 .text          0x00000f4a        0x0 c:/winavr-20100110/bin/../lib/gcc/avr/4.3.3/avr5\libgcc.a(_clz.o)
 .text          0x00000f4a        0x0 c:/winavr-20100110/bin/../lib/gcc/avr/4.3.3/../../../../avr/lib/avr5\libc.a(strtok.o)
 .text          0x00000f4a        0x0 c:/winavr-20100110/bin/../lib/gcc/avr/4.3.3/../../../../avr/lib/avr5\libc.a(strcmp.o)
 .text          0x00000f4a        0x0 c:/winavr-20100110/bin/../lib/gcc/avr/4.3.3/../../../../avr/lib/avr5\libc.a(strcpy.o)
 .text          0x00000f4a        0x0 c:/winavr-20100110/bin/../lib/gcc/avr/4.3.3/../../../../avr/lib/avr5\libc.a(strstr.o)
 .text          0x00000f4a        0x0 c:/winavr-20100110/bin/../lib/gcc/avr/4.3.3/../../../../avr/lib/avr5\libc.a(strtok_r.o)
 .text          0x00000f4a        0x0 c:/winavr-20100110/bin/../lib/gcc/avr/4.3.3/../../../../avr/lib/avr5\libc.a(itoa.o)
 .text          0x00000f4a        0x0 c:/winavr-20100110/bin/../lib/gcc/avr/4.3.3/../../../../avr/lib/avr5\libc.a(sprintf.o)
 .text          0x00000f4a        0x0 c:/winavr-20100110/bin/../lib/gcc/avr/4.3.3/../../../../avr/lib/avr5\libc.a(vfprintf_std.o)
 .text          0x00000f4a        0x0 c:/winavr-20100110/bin/../lib/gcc/avr/4.3.3/../../../../avr/lib/avr5\libc.a(strnlen_P.o)
 .text          0x00000f4a        0x0 c:/winavr-20100110/bin/../lib/gcc/avr/4.3.3/../../../../avr/lib/avr5\libc.a(strnlen.o)
 .text          0x00000f4a        0x0 c:/winavr-20100110/bin/../lib/gcc/avr/4.3.3/../../../../avr/lib/avr5\libc.a(strrev.o)
 .text          0x00000f4a        0x0 c:/winavr-20100110/bin/../lib/gcc/avr/4.3.3/../../../../avr/lib/avr5\libc.a(fputc.o)
 .text          0x00000f4a        0x0 c:/winavr-20100110/bin/../lib/gcc/avr/4.3.3/../../../../avr/lib/avr5\libc.a(ultoa_invert.o)
                0x00000f4a                . = ALIGN (0x2)
 *(.text.*)
 .text.M_UART_void_UARTAvalepale
                0x00000f4a       0x12 ./MCAL/UART/UART_prog.o
                0x00000f4a                M_UART_void_UARTAvalepale
 .text.M_UART_void_UARTInit
                0x00000f5c       0xba ./MCAL/UART/UART_prog.o
                0x00000f5c                M_UART_void_UARTInit
 .text.__vector_13
                0x00001016       0x7c ./MCAL/UART/UART_prog.o
                0x00001016                __vector_13
 .text.M_UART_u8_receiveByteASynchNonBlocking
                0x00001092       0x4e ./MCAL/UART/UART_prog.o
                0x00001092                M_UART_u8_receiveByteASynchNonBlocking
 .text.M_UART_void_UARTSendByte
                0x000010e0       0x34 ./MCAL/UART/UART_prog.o
                0x000010e0                M_UART_void_UARTSendByte
 .text.M_UART_void_UARTSendString
                0x00001114       0x38 ./MCAL/UART/UART_prog.o
                0x00001114                M_UART_void_UARTSendString
 .text.M_UART_void_UARTSendBytes
                0x0000114c       0x58 ./MCAL/UART/UART_prog.o
                0x0000114c                M_UART_void_UARTSendBytes
 .text.M_UART_void_ReceiveString
                0x000011a4       0x78 ./MCAL/UART/UART_prog.o
                0x000011a4                M_UART_void_ReceiveString
 .text.M_Timer0_void_Init
                0x0000121c       0x6e ./MCAL/TIMER0/Timer_prog.o
                0x0000121c                M_Timer0_void_Init
 .text.M_Timer0_void_start
                0x0000128a       0x3c ./MCAL/TIMER0/Timer_prog.o
                0x0000128a                M_Timer0_void_start
 .text.M_Timer0_void_stop
                0x000012c6       0x1c ./MCAL/TIMER0/Timer_prog.o
                0x000012c6                M_Timer0_void_stop
 .text.M_Timer0_void_GetCounts
                0x000012e2      0x286 ./MCAL/TIMER0/Timer_prog.o
                0x000012e2                M_Timer0_void_GetCounts
 .text.M_Timer0_void_setDelayTimeMilliSec
                0x00001568       0xfe ./MCAL/TIMER0/Timer_prog.o
                0x00001568                M_Timer0_void_setDelayTimeMilliSec
 .text.M_Timer0_void_setFastPWM
                0x00001666      0x1ec ./MCAL/TIMER0/Timer_prog.o
                0x00001666                M_Timer0_void_setFastPWM
 .text.M_Timer0_void_EnableInt
                0x00001852       0x1c ./MCAL/TIMER0/Timer_prog.o
                0x00001852                M_Timer0_void_EnableInt
 .text.M_Timer0_void_DisableInt
                0x0000186e       0x1c ./MCAL/TIMER0/Timer_prog.o
                0x0000186e                M_Timer0_void_DisableInt
 .text.M_Timer0_void_setCallBack
                0x0000188a       0x2c ./MCAL/TIMER0/Timer_prog.o
                0x0000188a                M_Timer0_void_setCallBack
 .text.__vector_11
                0x000018b6       0xbe ./MCAL/TIMER0/Timer_prog.o
                0x000018b6                __vector_11
 .text.__vector_10
                0x00001974       0x66 ./MCAL/TIMER0/Timer_prog.o
                0x00001974                __vector_10
 .text.M_PORT_voidInit
                0x000019da      0x7ae ./MCAL/PORT/Port_prog.o
                0x000019da                M_PORT_voidInit
 .text.M_GIE_void_EnableGlobalInterrupt
                0x00002188       0x10 ./MCAL/GIE/GIE_prog.o
                0x00002188                M_GIE_void_EnableGlobalInterrupt
 .text.M_GIE_void_DisableGlobalInterrupt
                0x00002198       0x10 ./MCAL/GIE/GIE_prog.o
                0x00002198                M_GIE_void_DisableGlobalInterrupt
 .text.M_DIO_enGetPinValue
                0x000021a8      0x10c ./MCAL/DIO/Dio_prog.o
                0x000021a8                M_DIO_enGetPinValue
 .text.M_DIO_voidSetPinValue
                0x000022b4      0x21c ./MCAL/DIO/Dio_prog.o
                0x000022b4                M_DIO_voidSetPinValue
 .text.M_DIO_enGetPortValue
                0x000024d0       0x84 ./MCAL/DIO/Dio_prog.o
                0x000024d0                M_DIO_enGetPortValue
 .text.M_DIO_voidSetPortValue
                0x00002554       0x84 ./MCAL/DIO/Dio_prog.o
                0x00002554                M_DIO_voidSetPortValue
 .text.M_DIO_voidTogglePin
                0x000025d8      0x118 ./MCAL/DIO/Dio_prog.o
                0x000025d8                M_DIO_voidTogglePin
 .text.M_ADC_void_Init
                0x000026f0      0x120 ./MCAL/ADC/ADC_prog.o
                0x000026f0                M_ADC_void_Init
 .text.M_ADC_void_StartConversion
                0x00002810       0x1c ./MCAL/ADC/ADC_prog.o
                0x00002810                M_ADC_void_StartConversion
 .text.M_ADC_void_GetDigitalValueSynchNonBlocking
                0x0000282c       0xfe ./MCAL/ADC/ADC_prog.o
                0x0000282c                M_ADC_void_GetDigitalValueSynchNonBlocking
 .text.M_ADC_void_GetDigitalValueAsynchCallback
                0x0000292a       0x48 ./MCAL/ADC/ADC_prog.o
                0x0000292a                M_ADC_void_GetDigitalValueAsynchCallback
 .text.__vector_16
                0x00002972       0x66 ./MCAL/ADC/ADC_prog.o
                0x00002972                __vector_16
 .text.H_WIFI_void_WIFIInit
                0x000029d8      0x538 ./HAL/WIFI/WIFI_prog.o
                0x000029d8                H_WIFI_void_WIFIInit
 .text.H_WIFI_void_StartTCPServer
                0x00002f10      0x24c ./HAL/WIFI/WIFI_prog.o
                0x00002f10                H_WIFI_void_StartTCPServer
 .text.H_WIFI_statue_t_cheakOk
                0x0000315c       0x74 ./HAL/WIFI/WIFI_prog.o
                0x0000315c                H_WIFI_statue_t_cheakOk
 .text.H_WIFI_command_statue_t_sendData
                0x000031d0       0xfa ./HAL/WIFI/WIFI_prog.o
                0x000031d0                H_WIFI_command_statue_t_sendData
 .text.H_WIFI_TCPCommand_t_TCPCommand
                0x000032ca       0x68 ./HAL/WIFI/WIFI_prog.o
                0x000032ca                H_WIFI_TCPCommand_t_TCPCommand
 .text.H_WIFI_ReceiveStatue_t_WIFIreceive
                0x00003332       0x36 ./HAL/WIFI/WIFI_prog.o
                0x00003332                H_WIFI_ReceiveStatue_t_WIFIreceive
 .text.H_LM35_void_Init
                0x00003368       0x26 ./HAL/LM35/LM35_prog.o
                0x00003368                H_LM35_void_Init
 .text.H_LM35_u8_ReadTemprature
                0x0000338e      0x386 ./HAL/LM35/LM35_prog.o
                0x0000338e                H_LM35_u8_ReadTemprature
 .text.H_LED_voidTurnOn
                0x00003714       0x7e ./HAL/LED/Led_prog.o
                0x00003714                H_LED_voidTurnOn
 .text.H_LED_voidTurnOff
                0x00003792       0x7e ./HAL/LED/Led_prog.o
                0x00003792                H_LED_voidTurnOff
 .text.H_LED_voidToggle
                0x00003810       0x76 ./HAL/LED/Led_prog.o
                0x00003810                H_LED_voidToggle
 .text.H_LDR_void_Init
                0x00003886       0x26 ./HAL/LDR/LDR_prog.o
                0x00003886                H_LDR_void_Init
 .text.H_LDR_u16_Read
                0x000038ac      0x346 ./HAL/LDR/LDR_prog.o
                0x000038ac                H_LDR_u16_Read
 .text.H_LCD_void_LachByte
                0x00003bf2       0x24 ./HAL/LCD/LCD_prg.o
 .text.H_LCD_void_LachNibble
                0x00003c16      0x46a ./HAL/LCD/LCD_prg.o
 .text.H_LCD_void_SendCommand
                0x00004080       0x22 ./HAL/LCD/LCD_prg.o
                0x00004080                H_LCD_void_SendCommand
 .text.H_LCD_void_Clear
                0x000040a2       0x14 ./HAL/LCD/LCD_prg.o
                0x000040a2                H_LCD_void_Clear
 .text.H_LCD_void_SendData
                0x000040b6       0x22 ./HAL/LCD/LCD_prg.o
                0x000040b6                H_LCD_void_SendData
 .text.H_LCD_void_sendString
                0x000040d8       0x60 ./HAL/LCD/LCD_prg.o
                0x000040d8                H_LCD_void_sendString
 .text.H_LCD_void_sendIntNum
                0x00004138       0xec ./HAL/LCD/LCD_prg.o
                0x00004138                H_LCD_void_sendIntNum
 .text.H_LCD_void_Int
                0x00004224      0x522 ./HAL/LCD/LCD_prg.o
                0x00004224                H_LCD_void_Int
 .text.H_DC_Motor_void_MotorForward
                0x00004746       0x58 ./HAL/DC_MOTOR/DC_Motor_prg.o
                0x00004746                H_DC_Motor_void_MotorForward
 .text.H_DC_Motor_void_MotorBackward
                0x0000479e       0x58 ./HAL/DC_MOTOR/DC_Motor_prg.o
                0x0000479e                H_DC_Motor_void_MotorBackward
 .text.H_DC_Motor_void_MotorStop
                0x000047f6       0x16 ./HAL/DC_MOTOR/DC_Motor_prg.o
                0x000047f6                H_DC_Motor_void_MotorStop
 .text.__vector_7
                0x0000480c       0x56 ./APP/millis/millis.o
                0x0000480c                __vector_7
 .text.init_millis
                0x00004862       0x8c ./APP/millis/millis.o
                0x00004862                init_millis
 .text.millis   0x000048ee       0x5e ./APP/millis/millis.o
                0x000048ee                millis
 .text.__iCliRetVal
                0x0000494c       0x12 ./APP/millis/millis.o
 .text.__iSeiParam
                0x0000495e       0x1a ./APP/millis/millis.o
 .text.APP_SmartHome_void_UpdateSensorsHub
                0x00004978       0x2e ./APP/SmartHome/SmartHome_prog.o
                0x00004978                APP_SmartHome_void_UpdateSensorsHub
 .text.APP_SmartHome_void_LightIntensity_init
                0x000049a6       0x12 ./APP/SmartHome/SmartHome_prog.o
                0x000049a6                APP_SmartHome_void_LightIntensity_init
 .text.APP_SmartHome_u8_GetIntensityLevel
                0x000049b8       0x3e ./APP/SmartHome/SmartHome_prog.o
                0x000049b8                APP_SmartHome_u8_GetIntensityLevel
 .text.APP_SmartHome_void_TemperatureSensor_init
                0x000049f6       0x12 ./APP/SmartHome/SmartHome_prog.o
                0x000049f6                APP_SmartHome_void_TemperatureSensor_init
 .text.APP_SmartHome_u8_GetTemperature
                0x00004a08       0x1a ./APP/SmartHome/SmartHome_prog.o
                0x00004a08                APP_SmartHome_u8_GetTemperature
 .text.APP_SmartHome_u8_GetFanSpeed
                0x00004a22       0x46 ./APP/SmartHome/SmartHome_prog.o
                0x00004a22                APP_SmartHome_u8_GetFanSpeed
 .text.APP_SmartHome_ERROR_t_LocalUpdateFromWIFI
                0x00004a68      0x19a ./APP/SmartHome/SmartHome_prog.o
                0x00004a68                APP_SmartHome_ERROR_t_LocalUpdateFromWIFI
 .text.APP_SmartHome_void_LocalUpdateFromSensorsHub
                0x00004c02       0xbc ./APP/SmartHome/SmartHome_prog.o
                0x00004c02                APP_SmartHome_void_LocalUpdateFromSensorsHub
 .text.APP_SmartHome_void_ApplianceUpdate
                0x00004cbe       0x40 ./APP/SmartHome/SmartHome_prog.o
                0x00004cbe                APP_SmartHome_void_ApplianceUpdate
 .text.APP_SmartHome_ERROR_t_GetCommand
                0x00004cfe      0x19a ./APP/SmartHome/SmartHome_prog.o
                0x00004cfe                APP_SmartHome_ERROR_t_GetCommand
 .text.APP_void_StartWIFIserver
                0x00004e98       0x32 ./APP/SmartHome/SmartHome_prog.o
                0x00004e98                APP_void_StartWIFIserver
 .text.APP_UpdateStatus_t_WIFIUpdate
                0x00004eca       0x32 ./APP/SmartHome/SmartHome_prog.o
                0x00004eca                APP_UpdateStatus_t_WIFIUpdate
 .text.main     0x00004efc      0x284 ./APP/main.o
                0x00004efc                main
 .text.libgcc   0x00005180       0x3e c:/winavr-20100110/bin/../lib/gcc/avr/4.3.3/avr5\libgcc.a(_mulsi3.o)
                0x00005180                __mulsi3
 .text.libgcc   0x000051be       0x18 c:/winavr-20100110/bin/../lib/gcc/avr/4.3.3/avr5\libgcc.a(_udivmodqi4.o)
                0x000051be                __udivmodqi4
 .text.libgcc   0x000051d6       0x28 c:/winavr-20100110/bin/../lib/gcc/avr/4.3.3/avr5\libgcc.a(_udivmodhi4.o)
                0x000051d6                __udivmodhi4
 .text.libgcc   0x000051fe       0x44 c:/winavr-20100110/bin/../lib/gcc/avr/4.3.3/avr5\libgcc.a(_udivmodsi4.o)
                0x000051fe                __udivmodsi4
 .text.libgcc   0x00005242       0x36 c:/winavr-20100110/bin/../lib/gcc/avr/4.3.3/avr5\libgcc.a(_divmodsi4.o)
                0x00005242                __divmodsi4
 .text.libgcc   0x00005278        0x0 c:/winavr-20100110/bin/../lib/gcc/avr/4.3.3/avr5\libgcc.a(_exit.o)
 .text.libgcc   0x00005278        0x0 c:/winavr-20100110/bin/../lib/gcc/avr/4.3.3/avr5\libgcc.a(_copy_data.o)
 .text.libgcc   0x00005278        0x0 c:/winavr-20100110/bin/../lib/gcc/avr/4.3.3/avr5\libgcc.a(_clear_bss.o)
 .text.libgcc   0x00005278       0x38 c:/winavr-20100110/bin/../lib/gcc/avr/4.3.3/avr5\libgcc.a(_prologue.o)
                0x00005278                __prologue_saves__
 .text.libgcc   0x000052b0       0x36 c:/winavr-20100110/bin/../lib/gcc/avr/4.3.3/avr5\libgcc.a(_epilogue.o)
                0x000052b0                __epilogue_restores__
 .text.avr-libc
                0x000052e6        0xa c:/winavr-20100110/bin/../lib/gcc/avr/4.3.3/../../../../avr/lib/avr5\libc.a(strtok.o)
                0x000052e6                strtok
 .text.avr-libc
                0x000052f0       0x12 c:/winavr-20100110/bin/../lib/gcc/avr/4.3.3/../../../../avr/lib/avr5\libc.a(strcmp.o)
                0x000052f0                strcmp
 .text.avr-libc
                0x00005302        0xe c:/winavr-20100110/bin/../lib/gcc/avr/4.3.3/../../../../avr/lib/avr5\libc.a(strcpy.o)
                0x00005302                strcpy
 .text.avr-libc
                0x00005310       0x34 c:/winavr-20100110/bin/../lib/gcc/avr/4.3.3/../../../../avr/lib/avr5\libc.a(strstr.o)
                0x00005310                strstr
 .text.avr-libc
                0x00005344       0x4e c:/winavr-20100110/bin/../lib/gcc/avr/4.3.3/../../../../avr/lib/avr5\libc.a(strtok_r.o)
                0x00005344                strtok_r
 .text.avr-libc
                0x00005392       0x42 c:/winavr-20100110/bin/../lib/gcc/avr/4.3.3/../../../../avr/lib/avr5\libc.a(itoa.o)
                0x00005392                itoa
 .text.avr-libc
                0x000053d4       0x48 c:/winavr-20100110/bin/../lib/gcc/avr/4.3.3/../../../../avr/lib/avr5\libc.a(sprintf.o)
                0x000053d4                sprintf
 .text.avr-libc
                0x0000541c      0x3ba c:/winavr-20100110/bin/../lib/gcc/avr/4.3.3/../../../../avr/lib/avr5\libc.a(vfprintf_std.o)
                0x0000541c                vfprintf
 .text.avr-libc
                0x000057d6       0x16 c:/winavr-20100110/bin/../lib/gcc/avr/4.3.3/../../../../avr/lib/avr5\libc.a(strnlen_P.o)
                0x000057d6                strnlen_P
 .text.avr-libc
                0x000057ec       0x16 c:/winavr-20100110/bin/../lib/gcc/avr/4.3.3/../../../../avr/lib/avr5\libc.a(strnlen.o)
                0x000057ec                strnlen
 .text.avr-libc
                0x00005802       0x20 c:/winavr-20100110/bin/../lib/gcc/avr/4.3.3/../../../../avr/lib/avr5\libc.a(strrev.o)
                0x00005802                strrev
 .text.avr-libc
                0x00005822       0x58 c:/winavr-20100110/bin/../lib/gcc/avr/4.3.3/../../../../avr/lib/avr5\libc.a(fputc.o)
                0x00005822                fputc
 .text.avr-libc
                0x0000587a       0xbc c:/winavr-20100110/bin/../lib/gcc/avr/4.3.3/../../../../avr/lib/avr5\libc.a(ultoa_invert.o)
                0x0000587a                __ultoa_invert
                0x00005936                . = ALIGN (0x2)
 *(.fini9)
 .fini9         0x00005936        0x0 c:/winavr-20100110/bin/../lib/gcc/avr/4.3.3/avr5\libgcc.a(_exit.o)
                0x00005936                exit
                0x00005936                _exit
 *(.fini9)
 *(.fini8)
 *(.fini8)
 *(.fini7)
 *(.fini7)
 *(.fini6)
 *(.fini6)
 *(.fini5)
 *(.fini5)
 *(.fini4)
 *(.fini4)
 *(.fini3)
 *(.fini3)
 *(.fini2)
 *(.fini2)
 *(.fini1)
 *(.fini1)
 *(.fini0)
 .fini0         0x00005936        0x4 c:/winavr-20100110/bin/../lib/gcc/avr/4.3.3/avr5\libgcc.a(_exit.o)
 *(.fini0)
                0x0000593a                _etext = .

.data           0x00800060      0x452 load address 0x0000593a
                0x00800060                PROVIDE (__data_start, .)
 *(.data)
 .data          0x00800060        0x0 c:/winavr-20100110/bin/../lib/gcc/avr/4.3.3/../../../../avr/lib/avr5/crtm32.o
 .data          0x00800060        0x0 ./MCAL/UART/UART_prog.o
 .data          0x00800060        0x0 ./MCAL/TIMER0/Timer_prog.o
 .data          0x00800060        0x0 ./MCAL/PORT/Port_prog.o
 .data          0x00800060        0x0 ./MCAL/GIE/GIE_prog.o
 .data          0x00800060        0x0 ./MCAL/EX_INT/EX_INT_prog.o
 .data          0x00800060        0x0 ./MCAL/DIO/Dio_prog.o
 .data          0x00800060        0x0 ./MCAL/ADC/ADC_prog.o
 .data          0x00800060       0xf8 ./HAL/WIFI/WIFI_prog.o
 .data          0x00800158        0x0 ./HAL/LM35/LM35_prog.o
 .data          0x00800158        0x0 ./HAL/LED/Led_prog.o
 .data          0x00800158        0x0 ./HAL/LDR/LDR_prog.o
 .data          0x00800158        0x0 ./HAL/LCD/LCD_prg.o
 .data          0x00800158        0x0 ./HAL/DC_MOTOR/DC_Motor_prg.o
 .data          0x00800158        0x0 ./CONFIG/APPCfg/SmartHome_Lcfg.o
 .data          0x00800158        0x0 ./CONFIG/ADC_Lconfig.o
 .data          0x00800158        0x0 ./CONFIG/DC_Motor_Lcfg.o
 .data          0x00800158        0x0 ./CONFIG/Dio_Lcfg.o
 .data          0x00800158        0x0 ./CONFIG/EX_INT_Lconfig.o
 .data          0x00800158        0x0 ./CONFIG/LCD_Lcfg.o
 .data          0x00800158        0x0 ./CONFIG/LDR_Lconfig.o
 .data          0x00800158        0x0 ./CONFIG/LM35_Lconfig.o
 .data          0x00800158        0x0 ./CONFIG/Led_Lcfg.o
 .data          0x00800158        0x0 ./CONFIG/Port_Lcfg.o
 .data          0x00800158        0x0 ./CONFIG/Timer_Lcfg.o
 .data          0x00800158        0x0 ./CONFIG/UART_Lcfg.o
 .data          0x00800158       0x21 ./CONFIG/WIFI_Lcfg.o
 .data          0x00800179        0x0 ./APP/millis/millis.o
 .data          0x00800179       0x20 ./APP/SmartHome/SmartHome_prog.o
 .data          0x00800199       0x37 ./APP/main.o
 .data          0x008001d0        0x0 c:/winavr-20100110/bin/../lib/gcc/avr/4.3.3/avr5\libgcc.a(_mulsi3.o)
 .data          0x008001d0        0x0 c:/winavr-20100110/bin/../lib/gcc/avr/4.3.3/avr5\libgcc.a(_udivmodqi4.o)
 .data          0x008001d0        0x0 c:/winavr-20100110/bin/../lib/gcc/avr/4.3.3/avr5\libgcc.a(_udivmodhi4.o)
 .data          0x008001d0        0x0 c:/winavr-20100110/bin/../lib/gcc/avr/4.3.3/avr5\libgcc.a(_udivmodsi4.o)
 .data          0x008001d0        0x0 c:/winavr-20100110/bin/../lib/gcc/avr/4.3.3/avr5\libgcc.a(_divmodsi4.o)
 .data          0x008001d0        0x0 c:/winavr-20100110/bin/../lib/gcc/avr/4.3.3/avr5\libgcc.a(_exit.o)
 .data          0x008001d0        0x0 c:/winavr-20100110/bin/../lib/gcc/avr/4.3.3/avr5\libgcc.a(_copy_data.o)
 .data          0x008001d0        0x0 c:/winavr-20100110/bin/../lib/gcc/avr/4.3.3/avr5\libgcc.a(_clear_bss.o)
 .data          0x008001d0        0x0 c:/winavr-20100110/bin/../lib/gcc/avr/4.3.3/avr5\libgcc.a(_fixunssfsi.o)
 .data          0x008001d0        0x0 c:/winavr-20100110/bin/../lib/gcc/avr/4.3.3/avr5\libgcc.a(_addsub_sf.o)
 .data          0x008001d0        0x0 c:/winavr-20100110/bin/../lib/gcc/avr/4.3.3/avr5\libgcc.a(_mul_sf.o)
 .data          0x008001d0        0x0 c:/winavr-20100110/bin/../lib/gcc/avr/4.3.3/avr5\libgcc.a(_div_sf.o)
 .data          0x008001d0        0x0 c:/winavr-20100110/bin/../lib/gcc/avr/4.3.3/avr5\libgcc.a(_eq_sf.o)
 .data          0x008001d0        0x0 c:/winavr-20100110/bin/../lib/gcc/avr/4.3.3/avr5\libgcc.a(_gt_sf.o)
 .data          0x008001d0        0x0 c:/winavr-20100110/bin/../lib/gcc/avr/4.3.3/avr5\libgcc.a(_ge_sf.o)
 .data          0x008001d0        0x0 c:/winavr-20100110/bin/../lib/gcc/avr/4.3.3/avr5\libgcc.a(_lt_sf.o)
 .data          0x008001d0        0x0 c:/winavr-20100110/bin/../lib/gcc/avr/4.3.3/avr5\libgcc.a(_si_to_sf.o)
 .data          0x008001d0        0x0 c:/winavr-20100110/bin/../lib/gcc/avr/4.3.3/avr5\libgcc.a(_sf_to_si.o)
 .data          0x008001d0        0x8 c:/winavr-20100110/bin/../lib/gcc/avr/4.3.3/avr5\libgcc.a(_thenan_sf.o)
                0x008001d0                __thenan_sf
 .data          0x008001d8        0x0 c:/winavr-20100110/bin/../lib/gcc/avr/4.3.3/avr5\libgcc.a(_usi_to_sf.o)
 .data          0x008001d8        0x0 c:/winavr-20100110/bin/../lib/gcc/avr/4.3.3/avr5\libgcc.a(_prologue.o)
 .data          0x008001d8        0x0 c:/winavr-20100110/bin/../lib/gcc/avr/4.3.3/avr5\libgcc.a(_epilogue.o)
 .data          0x008001d8        0x0 c:/winavr-20100110/bin/../lib/gcc/avr/4.3.3/avr5\libgcc.a(_clzsi2.o)
 .data          0x008001d8        0x0 c:/winavr-20100110/bin/../lib/gcc/avr/4.3.3/avr5\libgcc.a(_pack_sf.o)
 .data          0x008001d8        0x0 c:/winavr-20100110/bin/../lib/gcc/avr/4.3.3/avr5\libgcc.a(_unpack_sf.o)
 .data          0x008001d8        0x0 c:/winavr-20100110/bin/../lib/gcc/avr/4.3.3/avr5\libgcc.a(_fpcmp_parts_sf.o)
 .data          0x008001d8      0x100 c:/winavr-20100110/bin/../lib/gcc/avr/4.3.3/avr5\libgcc.a(_clz.o)
                0x008001d8                __clz_tab
 .data          0x008002d8        0x0 c:/winavr-20100110/bin/../lib/gcc/avr/4.3.3/../../../../avr/lib/avr5\libc.a(strtok.o)
 .data          0x008002d8        0x0 c:/winavr-20100110/bin/../lib/gcc/avr/4.3.3/../../../../avr/lib/avr5\libc.a(strcmp.o)
 .data          0x008002d8        0x0 c:/winavr-20100110/bin/../lib/gcc/avr/4.3.3/../../../../avr/lib/avr5\libc.a(strcpy.o)
 .data          0x008002d8        0x0 c:/winavr-20100110/bin/../lib/gcc/avr/4.3.3/../../../../avr/lib/avr5\libc.a(strstr.o)
 .data          0x008002d8        0x0 c:/winavr-20100110/bin/../lib/gcc/avr/4.3.3/../../../../avr/lib/avr5\libc.a(strtok_r.o)
 .data          0x008002d8        0x0 c:/winavr-20100110/bin/../lib/gcc/avr/4.3.3/../../../../avr/lib/avr5\libc.a(itoa.o)
 .data          0x008002d8        0x0 c:/winavr-20100110/bin/../lib/gcc/avr/4.3.3/../../../../avr/lib/avr5\libc.a(sprintf.o)
 .data          0x008002d8        0x0 c:/winavr-20100110/bin/../lib/gcc/avr/4.3.3/../../../../avr/lib/avr5\libc.a(vfprintf_std.o)
 .data          0x008002d8        0x0 c:/winavr-20100110/bin/../lib/gcc/avr/4.3.3/../../../../avr/lib/avr5\libc.a(strnlen_P.o)
 .data          0x008002d8        0x0 c:/winavr-20100110/bin/../lib/gcc/avr/4.3.3/../../../../avr/lib/avr5\libc.a(strnlen.o)
 .data          0x008002d8        0x0 c:/winavr-20100110/bin/../lib/gcc/avr/4.3.3/../../../../avr/lib/avr5\libc.a(strrev.o)
 .data          0x008002d8        0x0 c:/winavr-20100110/bin/../lib/gcc/avr/4.3.3/../../../../avr/lib/avr5\libc.a(fputc.o)
 .data          0x008002d8        0x0 c:/winavr-20100110/bin/../lib/gcc/avr/4.3.3/../../../../avr/lib/avr5\libc.a(ultoa_invert.o)
 *(.data*)
 .data.G_prescalerArr
                0x008002d8       0x14 ./MCAL/TIMER0/Timer_prog.o
 .data.DEVICES_STATE_LIST
                0x008002ec       0x1c ./CONFIG/APPCfg/SmartHome_Lcfg.o
                0x008002ec                DEVICES_STATE_LIST
 .data.LDR_ADC_config_struct
                0x00800308        0x5 ./CONFIG/ADC_Lconfig.o
                0x00800308                LDR_ADC_config_struct
 .data.LM35_ADC_config_struct
                0x0080030d        0x5 ./CONFIG/ADC_Lconfig.o
                0x0080030d                LM35_ADC_config_struct
 .data.EX_INT_sources_arr
                0x00800312        0x9 ./CONFIG/EX_INT_Lconfig.o
                0x00800312                EX_INT_sources_arr
 .data.lm35_adc_config
                0x0080031b        0x5 ./CONFIG/LM35_Lconfig.o
                0x0080031b                lm35_adc_config
 .data.UART_config
                0x00800320        0x4 ./CONFIG/UART_Lcfg.o
                0x00800320                UART_config
 .data.WIFI_Config
                0x00800324        0x7 ./CONFIG/WIFI_Lcfg.o
                0x00800324                WIFI_Config
 .data.devices_names
                0x0080032b        0x4 ./APP/SmartHome/SmartHome_prog.o
                0x0080032b                devices_names
 .data.devices_modes
                0x0080032f        0x4 ./APP/SmartHome/SmartHome_prog.o
                0x0080032f                devices_modes
 .data.devices_states
                0x00800333        0x4 ./APP/SmartHome/SmartHome_prog.o
                0x00800333                devices_states
 .data.devices_commands
                0x00800337        0x6 ./APP/SmartHome/SmartHome_prog.o
                0x00800337                devices_commands
 *(.rodata)
 *(.rodata*)
 .rodata.Port_ConfigArr
                0x0080033d       0x6c ./CONFIG/Port_Lcfg.o
                0x0080033d                Port_ConfigArr
 .rodata.SmallOS_PortConfig_ARR
                0x008003a9       0x50 ./CONFIG/Port_Lcfg.o
                0x008003a9                SmallOS_PortConfig_ARR
 .rodata.Configurable_Duty_freq_Port_ConfigArr
                0x008003f9       0x5c ./CONFIG/Port_Lcfg.o
                0x008003f9                Configurable_Duty_freq_Port_ConfigArr
 .rodata.LoginSystem_Port_ConfigArr
                0x00800455       0x5c ./CONFIG/Port_Lcfg.o
                0x00800455                LoginSystem_Port_ConfigArr
 *(.gnu.linkonce.d*)
                0x008004b2                . = ALIGN (0x2)
 *fill*         0x008004b1        0x1 00
                0x008004b2                _edata = .
                0x008004b2                PROVIDE (__data_end, .)

.bss            0x008004b2       0xea
                0x008004b2                PROVIDE (__bss_start, .)
 *(.bss)
 .bss           0x008004b2        0x0 c:/winavr-20100110/bin/../lib/gcc/avr/4.3.3/../../../../avr/lib/avr5/crtm32.o
 .bss           0x008004b2        0x0 ./MCAL/UART/UART_prog.o
 .bss           0x008004b2        0x0 ./MCAL/TIMER0/Timer_prog.o
 .bss           0x008004b2        0x0 ./MCAL/PORT/Port_prog.o
 .bss           0x008004b2        0x0 ./MCAL/GIE/GIE_prog.o
 .bss           0x008004b2        0x0 ./MCAL/EX_INT/EX_INT_prog.o
 .bss           0x008004b2        0x0 ./MCAL/DIO/Dio_prog.o
 .bss           0x008004b2        0x0 ./MCAL/ADC/ADC_prog.o
 .bss           0x008004b2        0x0 ./HAL/WIFI/WIFI_prog.o
 .bss           0x008004b2        0x0 ./HAL/LM35/LM35_prog.o
 .bss           0x008004b2        0x0 ./HAL/LED/Led_prog.o
 .bss           0x008004b2        0x0 ./HAL/LDR/LDR_prog.o
 .bss           0x008004b2        0x0 ./HAL/LCD/LCD_prg.o
 .bss           0x008004b2        0x0 ./HAL/DC_MOTOR/DC_Motor_prg.o
 .bss           0x008004b2        0x0 ./CONFIG/APPCfg/SmartHome_Lcfg.o
 .bss           0x008004b2        0x0 ./CONFIG/ADC_Lconfig.o
 .bss           0x008004b2        0x0 ./CONFIG/DC_Motor_Lcfg.o
 .bss           0x008004b2        0x0 ./CONFIG/Dio_Lcfg.o
 .bss           0x008004b2        0x0 ./CONFIG/EX_INT_Lconfig.o
 .bss           0x008004b2        0x0 ./CONFIG/LCD_Lcfg.o
 .bss           0x008004b2        0x0 ./CONFIG/LDR_Lconfig.o
 .bss           0x008004b2        0x0 ./CONFIG/LM35_Lconfig.o
 .bss           0x008004b2        0x0 ./CONFIG/Led_Lcfg.o
 .bss           0x008004b2        0x0 ./CONFIG/Port_Lcfg.o
 .bss           0x008004b2        0x0 ./CONFIG/Timer_Lcfg.o
 .bss           0x008004b2        0x0 ./CONFIG/UART_Lcfg.o
 .bss           0x008004b2        0x0 ./CONFIG/WIFI_Lcfg.o
 .bss           0x008004b2        0x0 ./APP/millis/millis.o
 .bss           0x008004b2        0x0 ./APP/SmartHome/SmartHome_prog.o
 .bss           0x008004b2        0x0 ./APP/main.o
 .bss           0x008004b2        0x0 c:/winavr-20100110/bin/../lib/gcc/avr/4.3.3/avr5\libgcc.a(_mulsi3.o)
 .bss           0x008004b2        0x0 c:/winavr-20100110/bin/../lib/gcc/avr/4.3.3/avr5\libgcc.a(_udivmodqi4.o)
 .bss           0x008004b2        0x0 c:/winavr-20100110/bin/../lib/gcc/avr/4.3.3/avr5\libgcc.a(_udivmodhi4.o)
 .bss           0x008004b2        0x0 c:/winavr-20100110/bin/../lib/gcc/avr/4.3.3/avr5\libgcc.a(_udivmodsi4.o)
 .bss           0x008004b2        0x0 c:/winavr-20100110/bin/../lib/gcc/avr/4.3.3/avr5\libgcc.a(_divmodsi4.o)
 .bss           0x008004b2        0x0 c:/winavr-20100110/bin/../lib/gcc/avr/4.3.3/avr5\libgcc.a(_exit.o)
 .bss           0x008004b2        0x0 c:/winavr-20100110/bin/../lib/gcc/avr/4.3.3/avr5\libgcc.a(_copy_data.o)
 .bss           0x008004b2        0x0 c:/winavr-20100110/bin/../lib/gcc/avr/4.3.3/avr5\libgcc.a(_clear_bss.o)
 .bss           0x008004b2        0x0 c:/winavr-20100110/bin/../lib/gcc/avr/4.3.3/avr5\libgcc.a(_fixunssfsi.o)
 .bss           0x008004b2        0x0 c:/winavr-20100110/bin/../lib/gcc/avr/4.3.3/avr5\libgcc.a(_addsub_sf.o)
 .bss           0x008004b2        0x0 c:/winavr-20100110/bin/../lib/gcc/avr/4.3.3/avr5\libgcc.a(_mul_sf.o)
 .bss           0x008004b2        0x0 c:/winavr-20100110/bin/../lib/gcc/avr/4.3.3/avr5\libgcc.a(_div_sf.o)
 .bss           0x008004b2        0x0 c:/winavr-20100110/bin/../lib/gcc/avr/4.3.3/avr5\libgcc.a(_eq_sf.o)
 .bss           0x008004b2        0x0 c:/winavr-20100110/bin/../lib/gcc/avr/4.3.3/avr5\libgcc.a(_gt_sf.o)
 .bss           0x008004b2        0x0 c:/winavr-20100110/bin/../lib/gcc/avr/4.3.3/avr5\libgcc.a(_ge_sf.o)
 .bss           0x008004b2        0x0 c:/winavr-20100110/bin/../lib/gcc/avr/4.3.3/avr5\libgcc.a(_lt_sf.o)
 .bss           0x008004b2        0x0 c:/winavr-20100110/bin/../lib/gcc/avr/4.3.3/avr5\libgcc.a(_si_to_sf.o)
 .bss           0x008004b2        0x0 c:/winavr-20100110/bin/../lib/gcc/avr/4.3.3/avr5\libgcc.a(_sf_to_si.o)
 .bss           0x008004b2        0x0 c:/winavr-20100110/bin/../lib/gcc/avr/4.3.3/avr5\libgcc.a(_thenan_sf.o)
 .bss           0x008004b2        0x0 c:/winavr-20100110/bin/../lib/gcc/avr/4.3.3/avr5\libgcc.a(_usi_to_sf.o)
 .bss           0x008004b2        0x0 c:/winavr-20100110/bin/../lib/gcc/avr/4.3.3/avr5\libgcc.a(_prologue.o)
 .bss           0x008004b2        0x0 c:/winavr-20100110/bin/../lib/gcc/avr/4.3.3/avr5\libgcc.a(_epilogue.o)
 .bss           0x008004b2        0x0 c:/winavr-20100110/bin/../lib/gcc/avr/4.3.3/avr5\libgcc.a(_clzsi2.o)
 .bss           0x008004b2        0x0 c:/winavr-20100110/bin/../lib/gcc/avr/4.3.3/avr5\libgcc.a(_pack_sf.o)
 .bss           0x008004b2        0x0 c:/winavr-20100110/bin/../lib/gcc/avr/4.3.3/avr5\libgcc.a(_unpack_sf.o)
 .bss           0x008004b2        0x0 c:/winavr-20100110/bin/../lib/gcc/avr/4.3.3/avr5\libgcc.a(_fpcmp_parts_sf.o)
 .bss           0x008004b2        0x0 c:/winavr-20100110/bin/../lib/gcc/avr/4.3.3/avr5\libgcc.a(_clz.o)
 .bss           0x008004b2        0x2 c:/winavr-20100110/bin/../lib/gcc/avr/4.3.3/../../../../avr/lib/avr5\libc.a(strtok.o)
 .bss           0x008004b4        0x0 c:/winavr-20100110/bin/../lib/gcc/avr/4.3.3/../../../../avr/lib/avr5\libc.a(strcmp.o)
 .bss           0x008004b4        0x0 c:/winavr-20100110/bin/../lib/gcc/avr/4.3.3/../../../../avr/lib/avr5\libc.a(strcpy.o)
 .bss           0x008004b4        0x0 c:/winavr-20100110/bin/../lib/gcc/avr/4.3.3/../../../../avr/lib/avr5\libc.a(strstr.o)
 .bss           0x008004b4        0x0 c:/winavr-20100110/bin/../lib/gcc/avr/4.3.3/../../../../avr/lib/avr5\libc.a(strtok_r.o)
 .bss           0x008004b4        0x0 c:/winavr-20100110/bin/../lib/gcc/avr/4.3.3/../../../../avr/lib/avr5\libc.a(itoa.o)
 .bss           0x008004b4        0x0 c:/winavr-20100110/bin/../lib/gcc/avr/4.3.3/../../../../avr/lib/avr5\libc.a(sprintf.o)
 .bss           0x008004b4        0x0 c:/winavr-20100110/bin/../lib/gcc/avr/4.3.3/../../../../avr/lib/avr5\libc.a(vfprintf_std.o)
 .bss           0x008004b4        0x0 c:/winavr-20100110/bin/../lib/gcc/avr/4.3.3/../../../../avr/lib/avr5\libc.a(strnlen_P.o)
 .bss           0x008004b4        0x0 c:/winavr-20100110/bin/../lib/gcc/avr/4.3.3/../../../../avr/lib/avr5\libc.a(strnlen.o)
 .bss           0x008004b4        0x0 c:/winavr-20100110/bin/../lib/gcc/avr/4.3.3/../../../../avr/lib/avr5\libc.a(strrev.o)
 .bss           0x008004b4        0x0 c:/winavr-20100110/bin/../lib/gcc/avr/4.3.3/../../../../avr/lib/avr5\libc.a(fputc.o)
 .bss           0x008004b4        0x0 c:/winavr-20100110/bin/../lib/gcc/avr/4.3.3/../../../../avr/lib/avr5\libc.a(ultoa_invert.o)
 *(.bss*)
 .bss.RX_Wr_Index_UART
                0x008004b4        0x1 ./MCAL/UART/UART_prog.o
                0x008004b4                RX_Wr_Index_UART
 .bss.RX_Rd_Index_UART
                0x008004b5        0x1 ./MCAL/UART/UART_prog.o
                0x008004b5                RX_Rd_Index_UART
 .bss.RX_Counter_UART
                0x008004b6        0x1 ./MCAL/UART/UART_prog.o
                0x008004b6                RX_Counter_UART
 .bss.Timer0_OVF_FnPtr
                0x008004b7        0x2 ./MCAL/TIMER0/Timer_prog.o
 .bss.Timer0_OC_FnPtr
                0x008004b9        0x2 ./MCAL/TIMER0/Timer_prog.o
 .bss.G_prescaler
                0x008004bb        0x1 ./MCAL/TIMER0/Timer_prog.o
 .bss.G_Timer0Mode
                0x008004bc        0x1 ./MCAL/TIMER0/Timer_prog.o
 .bss.G_NumberOfOFV
                0x008004bd        0x2 ./MCAL/TIMER0/Timer_prog.o
 .bss.G_Timer0Remaining
                0x008004bf        0x2 ./MCAL/TIMER0/Timer_prog.o
 .bss.GcounterOverFlow
                0x008004c1        0x4 ./MCAL/TIMER0/Timer_prog.o
 .bss.count.1380
                0x008004c5        0x1 ./MCAL/TIMER0/Timer_prog.o
 .bss.ADC_CallBackPTR
                0x008004c6        0x2 ./MCAL/ADC/ADC_prog.o
 .bss.ADC_ADJUSTMENT
                0x008004c8        0x1 ./MCAL/ADC/ADC_prog.o
                0x008004c8                ADC_ADJUSTMENT
 .bss.stCounter.1399
                0x008004c9        0x1 ./HAL/LCD/LCD_prg.o
 *(COMMON)
 COMMON         0x008004ca       0x66 ./MCAL/UART/UART_prog.o
                0x008004ca                RX_Buffer_Overflow_UART
                0x008004cb                Rx_Buffer_UART
 COMMON         0x00800530       0x68 ./HAL/WIFI/WIFI_prog.o
                0x00800530                buff
                0x00800594                timer1_millis
 COMMON         0x00800598        0x4 ./CONFIG/APPCfg/SmartHome_Lcfg.o
                0x00800598                SensorsHUB
                0x0080059c                PROVIDE (__bss_end, .)
                0x0000593a                __data_load_start = LOADADDR (.data)
                0x00005d8c                __data_load_end = (__data_load_start + SIZEOF (.data))

.noinit         0x0080059c        0x0
                0x0080059c                PROVIDE (__noinit_start, .)
 *(.noinit*)
                0x0080059c                PROVIDE (__noinit_end, .)
                0x0080059c                _end = .
                0x0080059c                PROVIDE (__heap_start, .)

.eeprom         0x00810000        0x0
 *(.eeprom*)
                0x00810000                __eeprom_end = .

.fuse
 *(.fuse)
 *(.lfuse)
 *(.hfuse)
 *(.efuse)

.lock
 *(.lock*)

.signature
 *(.signature*)

.stab           0x00000000     0x65ac
 *(.stab)
 .stab          0x00000000      0x7e0 ./MCAL/UART/UART_prog.o
 .stab          0x000007e0      0x6b4 ./MCAL/TIMER0/Timer_prog.o
                                0x738 (size before relaxing)
 .stab          0x00000e94      0x4a4 ./MCAL/PORT/Port_prog.o
                                0x528 (size before relaxing)
 .stab          0x00001338      0x138 ./MCAL/GIE/GIE_prog.o
                                0x144 (size before relaxing)
 .stab          0x00001470      0x15c ./MCAL/EX_INT/EX_INT_prog.o
                                0x168 (size before relaxing)
 .stab          0x000015cc      0x510 ./MCAL/DIO/Dio_prog.o
                                0x594 (size before relaxing)
 .stab          0x00001adc      0x450 ./MCAL/ADC/ADC_prog.o
                                0x4d4 (size before relaxing)
 .stab          0x00001f2c      0xc78 ./HAL/WIFI/WIFI_prog.o
                                0xe94 (size before relaxing)
 .stab          0x00002ba4      0x438 ./HAL/LM35/LM35_prog.o
                                0x744 (size before relaxing)
 .stab          0x00002fdc      0x33c ./HAL/LED/Led_prog.o
                                0x3c0 (size before relaxing)
 .stab          0x00003318      0x3fc ./HAL/LDR/LDR_prog.o
                                0x714 (size before relaxing)
 .stab          0x00003714      0xbac ./HAL/LCD/LCD_prg.o
                                0xe28 (size before relaxing)
 .stab          0x000042c0      0x2ac ./HAL/DC_MOTOR/DC_Motor_prg.o
                                0x39c (size before relaxing)
 .stab          0x0000456c      0x180 ./CONFIG/APPCfg/SmartHome_Lcfg.o
                                0x204 (size before relaxing)
 .stab          0x000046ec      0x120 ./CONFIG/ADC_Lconfig.o
                                0x210 (size before relaxing)
 .stab          0x0000480c       0xd8 ./CONFIG/DC_Motor_Lcfg.o
                                 0xe4 (size before relaxing)
 .stab          0x000048e4       0xd8 ./CONFIG/Dio_Lcfg.o
                                 0xe4 (size before relaxing)
 .stab          0x000049bc      0x114 ./CONFIG/EX_INT_Lconfig.o
                                0x174 (size before relaxing)
 .stab          0x00004ad0       0xd8 ./CONFIG/LCD_Lcfg.o
                                 0xe4 (size before relaxing)
 .stab          0x00004ba8       0xd8 ./CONFIG/LDR_Lconfig.o
                                 0xe4 (size before relaxing)
 .stab          0x00004c80      0x144 ./CONFIG/LM35_Lconfig.o
                                0x2d0 (size before relaxing)
 .stab          0x00004dc4       0xd8 ./CONFIG/Led_Lcfg.o
                                 0xe4 (size before relaxing)
 .stab          0x00004e9c      0x1c8 ./CONFIG/Port_Lcfg.o
                                0x24c (size before relaxing)
 .stab          0x00005064       0xd8 ./CONFIG/Timer_Lcfg.o
                                 0xe4 (size before relaxing)
 .stab          0x0000513c       0xf0 ./CONFIG/UART_Lcfg.o
                                0x174 (size before relaxing)
 .stab          0x0000522c      0x168 ./CONFIG/WIFI_Lcfg.o
                                0x174 (size before relaxing)
 .stab          0x00005394      0x348 ./APP/millis/millis.o
                                0x4d4 (size before relaxing)
 .stab          0x000056dc      0x9f0 ./APP/SmartHome/SmartHome_prog.o
                                0xc18 (size before relaxing)
 .stab          0x000060cc      0x4e0 ./APP/main.o
                                0xb04 (size before relaxing)

.stabstr        0x00000000     0x53ba
 *(.stabstr)
 .stabstr       0x00000000     0x53ba ./MCAL/UART/UART_prog.o

.stab.excl
 *(.stab.excl)

.stab.exclstr
 *(.stab.exclstr)

.stab.index
 *(.stab.index)

.stab.indexstr
 *(.stab.indexstr)

.comment
 *(.comment)

.debug
 *(.debug)

.line
 *(.line)

.debug_srcinfo
 *(.debug_srcinfo)

.debug_sfnames
 *(.debug_sfnames)

.debug_aranges  0x00000000      0x1e0
 *(.debug_aranges)
 .debug_aranges
                0x00000000       0x20 c:/winavr-20100110/bin/../lib/gcc/avr/4.3.3/avr5\libgcc.a(_fixunssfsi.o)
 .debug_aranges
                0x00000020       0x20 c:/winavr-20100110/bin/../lib/gcc/avr/4.3.3/avr5\libgcc.a(_addsub_sf.o)
 .debug_aranges
                0x00000040       0x20 c:/winavr-20100110/bin/../lib/gcc/avr/4.3.3/avr5\libgcc.a(_mul_sf.o)
 .debug_aranges
                0x00000060       0x20 c:/winavr-20100110/bin/../lib/gcc/avr/4.3.3/avr5\libgcc.a(_div_sf.o)
 .debug_aranges
                0x00000080       0x20 c:/winavr-20100110/bin/../lib/gcc/avr/4.3.3/avr5\libgcc.a(_eq_sf.o)
 .debug_aranges
                0x000000a0       0x20 c:/winavr-20100110/bin/../lib/gcc/avr/4.3.3/avr5\libgcc.a(_gt_sf.o)
 .debug_aranges
                0x000000c0       0x20 c:/winavr-20100110/bin/../lib/gcc/avr/4.3.3/avr5\libgcc.a(_ge_sf.o)
 .debug_aranges
                0x000000e0       0x20 c:/winavr-20100110/bin/../lib/gcc/avr/4.3.3/avr5\libgcc.a(_lt_sf.o)
 .debug_aranges
                0x00000100       0x20 c:/winavr-20100110/bin/../lib/gcc/avr/4.3.3/avr5\libgcc.a(_si_to_sf.o)
 .debug_aranges
                0x00000120       0x20 c:/winavr-20100110/bin/../lib/gcc/avr/4.3.3/avr5\libgcc.a(_sf_to_si.o)
 .debug_aranges
                0x00000140       0x20 c:/winavr-20100110/bin/../lib/gcc/avr/4.3.3/avr5\libgcc.a(_usi_to_sf.o)
 .debug_aranges
                0x00000160       0x20 c:/winavr-20100110/bin/../lib/gcc/avr/4.3.3/avr5\libgcc.a(_clzsi2.o)
 .debug_aranges
                0x00000180       0x20 c:/winavr-20100110/bin/../lib/gcc/avr/4.3.3/avr5\libgcc.a(_pack_sf.o)
 .debug_aranges
                0x000001a0       0x20 c:/winavr-20100110/bin/../lib/gcc/avr/4.3.3/avr5\libgcc.a(_unpack_sf.o)
 .debug_aranges
                0x000001c0       0x20 c:/winavr-20100110/bin/../lib/gcc/avr/4.3.3/avr5\libgcc.a(_fpcmp_parts_sf.o)

.debug_pubnames
                0x00000000      0x232
 *(.debug_pubnames)
 .debug_pubnames
                0x00000000       0x23 c:/winavr-20100110/bin/../lib/gcc/avr/4.3.3/avr5\libgcc.a(_fixunssfsi.o)
 .debug_pubnames
                0x00000023       0x2c c:/winavr-20100110/bin/../lib/gcc/avr/4.3.3/avr5\libgcc.a(_addsub_sf.o)
 .debug_pubnames
                0x0000004f       0x1f c:/winavr-20100110/bin/../lib/gcc/avr/4.3.3/avr5\libgcc.a(_mul_sf.o)
 .debug_pubnames
                0x0000006e       0x1f c:/winavr-20100110/bin/../lib/gcc/avr/4.3.3/avr5\libgcc.a(_div_sf.o)
 .debug_pubnames
                0x0000008d       0x1e c:/winavr-20100110/bin/../lib/gcc/avr/4.3.3/avr5\libgcc.a(_eq_sf.o)
 .debug_pubnames
                0x000000ab       0x1e c:/winavr-20100110/bin/../lib/gcc/avr/4.3.3/avr5\libgcc.a(_gt_sf.o)
 .debug_pubnames
                0x000000c9       0x1e c:/winavr-20100110/bin/../lib/gcc/avr/4.3.3/avr5\libgcc.a(_ge_sf.o)
 .debug_pubnames
                0x000000e7       0x1e c:/winavr-20100110/bin/../lib/gcc/avr/4.3.3/avr5\libgcc.a(_lt_sf.o)
 .debug_pubnames
                0x00000105       0x22 c:/winavr-20100110/bin/../lib/gcc/avr/4.3.3/avr5\libgcc.a(_si_to_sf.o)
 .debug_pubnames
                0x00000127       0x20 c:/winavr-20100110/bin/../lib/gcc/avr/4.3.3/avr5\libgcc.a(_sf_to_si.o)
 .debug_pubnames
                0x00000147       0x22 c:/winavr-20100110/bin/../lib/gcc/avr/4.3.3/avr5\libgcc.a(_thenan_sf.o)
 .debug_pubnames
                0x00000169       0x24 c:/winavr-20100110/bin/../lib/gcc/avr/4.3.3/avr5\libgcc.a(_usi_to_sf.o)
 .debug_pubnames
                0x0000018d       0x1f c:/winavr-20100110/bin/../lib/gcc/avr/4.3.3/avr5\libgcc.a(_clzsi2.o)
 .debug_pubnames
                0x000001ac       0x1f c:/winavr-20100110/bin/../lib/gcc/avr/4.3.3/avr5\libgcc.a(_pack_sf.o)
 .debug_pubnames
                0x000001cb       0x21 c:/winavr-20100110/bin/../lib/gcc/avr/4.3.3/avr5\libgcc.a(_unpack_sf.o)
 .debug_pubnames
                0x000001ec       0x26 c:/winavr-20100110/bin/../lib/gcc/avr/4.3.3/avr5\libgcc.a(_fpcmp_parts_sf.o)
 .debug_pubnames
                0x00000212       0x20 c:/winavr-20100110/bin/../lib/gcc/avr/4.3.3/avr5\libgcc.a(_clz.o)

.debug_info     0x00000000     0x2891
 *(.debug_info)
 .debug_info    0x00000000       0xb1 c:/winavr-20100110/bin/../lib/gcc/avr/4.3.3/avr5\libgcc.a(_fixunssfsi.o)
 .debug_info    0x000000b1      0x47a c:/winavr-20100110/bin/../lib/gcc/avr/4.3.3/avr5\libgcc.a(_addsub_sf.o)
 .debug_info    0x0000052b      0x485 c:/winavr-20100110/bin/../lib/gcc/avr/4.3.3/avr5\libgcc.a(_mul_sf.o)
 .debug_info    0x000009b0      0x3fc c:/winavr-20100110/bin/../lib/gcc/avr/4.3.3/avr5\libgcc.a(_div_sf.o)
 .debug_info    0x00000dac      0x27f c:/winavr-20100110/bin/../lib/gcc/avr/4.3.3/avr5\libgcc.a(_eq_sf.o)
 .debug_info    0x0000102b      0x27f c:/winavr-20100110/bin/../lib/gcc/avr/4.3.3/avr5\libgcc.a(_gt_sf.o)
 .debug_info    0x000012aa      0x27f c:/winavr-20100110/bin/../lib/gcc/avr/4.3.3/avr5\libgcc.a(_ge_sf.o)
 .debug_info    0x00001529      0x27f c:/winavr-20100110/bin/../lib/gcc/avr/4.3.3/avr5\libgcc.a(_lt_sf.o)
 .debug_info    0x000017a8      0x207 c:/winavr-20100110/bin/../lib/gcc/avr/4.3.3/avr5\libgcc.a(_si_to_sf.o)
 .debug_info    0x000019af      0x2b0 c:/winavr-20100110/bin/../lib/gcc/avr/4.3.3/avr5\libgcc.a(_sf_to_si.o)
 .debug_info    0x00001c5f      0x12c c:/winavr-20100110/bin/../lib/gcc/avr/4.3.3/avr5\libgcc.a(_thenan_sf.o)
 .debug_info    0x00001d8b      0x206 c:/winavr-20100110/bin/../lib/gcc/avr/4.3.3/avr5\libgcc.a(_usi_to_sf.o)
 .debug_info    0x00001f91      0x117 c:/winavr-20100110/bin/../lib/gcc/avr/4.3.3/avr5\libgcc.a(_clzsi2.o)
 .debug_info    0x000020a8      0x2df c:/winavr-20100110/bin/../lib/gcc/avr/4.3.3/avr5\libgcc.a(_pack_sf.o)
 .debug_info    0x00002387      0x251 c:/winavr-20100110/bin/../lib/gcc/avr/4.3.3/avr5\libgcc.a(_unpack_sf.o)
 .debug_info    0x000025d8      0x210 c:/winavr-20100110/bin/../lib/gcc/avr/4.3.3/avr5\libgcc.a(_fpcmp_parts_sf.o)
 .debug_info    0x000027e8       0xa9 c:/winavr-20100110/bin/../lib/gcc/avr/4.3.3/avr5\libgcc.a(_clz.o)
 *(.gnu.linkonce.wi.*)

.debug_abbrev   0x00000000     0x1628
 *(.debug_abbrev)
 .debug_abbrev  0x00000000       0x5d c:/winavr-20100110/bin/../lib/gcc/avr/4.3.3/avr5\libgcc.a(_fixunssfsi.o)
 .debug_abbrev  0x0000005d      0x1ea c:/winavr-20100110/bin/../lib/gcc/avr/4.3.3/avr5\libgcc.a(_addsub_sf.o)
 .debug_abbrev  0x00000247      0x21b c:/winavr-20100110/bin/../lib/gcc/avr/4.3.3/avr5\libgcc.a(_mul_sf.o)
 .debug_abbrev  0x00000462      0x216 c:/winavr-20100110/bin/../lib/gcc/avr/4.3.3/avr5\libgcc.a(_div_sf.o)
 .debug_abbrev  0x00000678      0x15a c:/winavr-20100110/bin/../lib/gcc/avr/4.3.3/avr5\libgcc.a(_eq_sf.o)
 .debug_abbrev  0x000007d2      0x15a c:/winavr-20100110/bin/../lib/gcc/avr/4.3.3/avr5\libgcc.a(_gt_sf.o)
 .debug_abbrev  0x0000092c      0x15a c:/winavr-20100110/bin/../lib/gcc/avr/4.3.3/avr5\libgcc.a(_ge_sf.o)
 .debug_abbrev  0x00000a86      0x15a c:/winavr-20100110/bin/../lib/gcc/avr/4.3.3/avr5\libgcc.a(_lt_sf.o)
 .debug_abbrev  0x00000be0      0x148 c:/winavr-20100110/bin/../lib/gcc/avr/4.3.3/avr5\libgcc.a(_si_to_sf.o)
 .debug_abbrev  0x00000d28      0x17f c:/winavr-20100110/bin/../lib/gcc/avr/4.3.3/avr5\libgcc.a(_sf_to_si.o)
 .debug_abbrev  0x00000ea7       0xad c:/winavr-20100110/bin/../lib/gcc/avr/4.3.3/avr5\libgcc.a(_thenan_sf.o)
 .debug_abbrev  0x00000f54      0x157 c:/winavr-20100110/bin/../lib/gcc/avr/4.3.3/avr5\libgcc.a(_usi_to_sf.o)
 .debug_abbrev  0x000010ab       0xc4 c:/winavr-20100110/bin/../lib/gcc/avr/4.3.3/avr5\libgcc.a(_clzsi2.o)
 .debug_abbrev  0x0000116f      0x1c0 c:/winavr-20100110/bin/../lib/gcc/avr/4.3.3/avr5\libgcc.a(_pack_sf.o)
 .debug_abbrev  0x0000132f      0x154 c:/winavr-20100110/bin/../lib/gcc/avr/4.3.3/avr5\libgcc.a(_unpack_sf.o)
 .debug_abbrev  0x00001483      0x13b c:/winavr-20100110/bin/../lib/gcc/avr/4.3.3/avr5\libgcc.a(_fpcmp_parts_sf.o)
 .debug_abbrev  0x000015be       0x6a c:/winavr-20100110/bin/../lib/gcc/avr/4.3.3/avr5\libgcc.a(_clz.o)

.debug_line     0x00000000     0x13de
 *(.debug_line)
 .debug_line    0x00000000       0xa7 c:/winavr-20100110/bin/../lib/gcc/avr/4.3.3/avr5\libgcc.a(_fixunssfsi.o)
 .debug_line    0x000000a7      0x2af c:/winavr-20100110/bin/../lib/gcc/avr/4.3.3/avr5\libgcc.a(_addsub_sf.o)
 .debug_line    0x00000356      0x239 c:/winavr-20100110/bin/../lib/gcc/avr/4.3.3/avr5\libgcc.a(_mul_sf.o)
 .debug_line    0x0000058f      0x1d5 c:/winavr-20100110/bin/../lib/gcc/avr/4.3.3/avr5\libgcc.a(_div_sf.o)
 .debug_line    0x00000764       0xd3 c:/winavr-20100110/bin/../lib/gcc/avr/4.3.3/avr5\libgcc.a(_eq_sf.o)
 .debug_line    0x00000837       0xd3 c:/winavr-20100110/bin/../lib/gcc/avr/4.3.3/avr5\libgcc.a(_gt_sf.o)
 .debug_line    0x0000090a       0xd3 c:/winavr-20100110/bin/../lib/gcc/avr/4.3.3/avr5\libgcc.a(_ge_sf.o)
 .debug_line    0x000009dd       0xd3 c:/winavr-20100110/bin/../lib/gcc/avr/4.3.3/avr5\libgcc.a(_lt_sf.o)
 .debug_line    0x00000ab0      0x135 c:/winavr-20100110/bin/../lib/gcc/avr/4.3.3/avr5\libgcc.a(_si_to_sf.o)
 .debug_line    0x00000be5      0x109 c:/winavr-20100110/bin/../lib/gcc/avr/4.3.3/avr5\libgcc.a(_sf_to_si.o)
 .debug_line    0x00000cee       0x90 c:/winavr-20100110/bin/../lib/gcc/avr/4.3.3/avr5\libgcc.a(_thenan_sf.o)
 .debug_line    0x00000d7e      0x133 c:/winavr-20100110/bin/../lib/gcc/avr/4.3.3/avr5\libgcc.a(_usi_to_sf.o)
 .debug_line    0x00000eb1       0xa5 c:/winavr-20100110/bin/../lib/gcc/avr/4.3.3/avr5\libgcc.a(_clzsi2.o)
 .debug_line    0x00000f56      0x18a c:/winavr-20100110/bin/../lib/gcc/avr/4.3.3/avr5\libgcc.a(_pack_sf.o)
 .debug_line    0x000010e0      0x14b c:/winavr-20100110/bin/../lib/gcc/avr/4.3.3/avr5\libgcc.a(_unpack_sf.o)
 .debug_line    0x0000122b      0x137 c:/winavr-20100110/bin/../lib/gcc/avr/4.3.3/avr5\libgcc.a(_fpcmp_parts_sf.o)
 .debug_line    0x00001362       0x7c c:/winavr-20100110/bin/../lib/gcc/avr/4.3.3/avr5\libgcc.a(_clz.o)

.debug_frame    0x00000000      0x200
 *(.debug_frame)
 .debug_frame   0x00000000       0x20 c:/winavr-20100110/bin/../lib/gcc/avr/4.3.3/avr5\libgcc.a(_fixunssfsi.o)
 .debug_frame   0x00000020       0x40 c:/winavr-20100110/bin/../lib/gcc/avr/4.3.3/avr5\libgcc.a(_addsub_sf.o)
 .debug_frame   0x00000060       0x20 c:/winavr-20100110/bin/../lib/gcc/avr/4.3.3/avr5\libgcc.a(_mul_sf.o)
 .debug_frame   0x00000080       0x20 c:/winavr-20100110/bin/../lib/gcc/avr/4.3.3/avr5\libgcc.a(_div_sf.o)
 .debug_frame   0x000000a0       0x20 c:/winavr-20100110/bin/../lib/gcc/avr/4.3.3/avr5\libgcc.a(_eq_sf.o)
 .debug_frame   0x000000c0       0x20 c:/winavr-20100110/bin/../lib/gcc/avr/4.3.3/avr5\libgcc.a(_gt_sf.o)
 .debug_frame   0x000000e0       0x20 c:/winavr-20100110/bin/../lib/gcc/avr/4.3.3/avr5\libgcc.a(_ge_sf.o)
 .debug_frame   0x00000100       0x20 c:/winavr-20100110/bin/../lib/gcc/avr/4.3.3/avr5\libgcc.a(_lt_sf.o)
 .debug_frame   0x00000120       0x20 c:/winavr-20100110/bin/../lib/gcc/avr/4.3.3/avr5\libgcc.a(_si_to_sf.o)
 .debug_frame   0x00000140       0x20 c:/winavr-20100110/bin/../lib/gcc/avr/4.3.3/avr5\libgcc.a(_sf_to_si.o)
 .debug_frame   0x00000160       0x20 c:/winavr-20100110/bin/../lib/gcc/avr/4.3.3/avr5\libgcc.a(_usi_to_sf.o)
 .debug_frame   0x00000180       0x20 c:/winavr-20100110/bin/../lib/gcc/avr/4.3.3/avr5\libgcc.a(_clzsi2.o)
 .debug_frame   0x000001a0       0x20 c:/winavr-20100110/bin/../lib/gcc/avr/4.3.3/avr5\libgcc.a(_pack_sf.o)
 .debug_frame   0x000001c0       0x20 c:/winavr-20100110/bin/../lib/gcc/avr/4.3.3/avr5\libgcc.a(_unpack_sf.o)
 .debug_frame   0x000001e0       0x20 c:/winavr-20100110/bin/../lib/gcc/avr/4.3.3/avr5\libgcc.a(_fpcmp_parts_sf.o)

.debug_str      0x00000000      0x30f
 *(.debug_str)
 .debug_str     0x00000000       0xbf c:/winavr-20100110/bin/../lib/gcc/avr/4.3.3/avr5\libgcc.a(_fixunssfsi.o)
                                 0xfe (size before relaxing)
 .debug_str     0x000000bf      0x14d c:/winavr-20100110/bin/../lib/gcc/avr/4.3.3/avr5\libgcc.a(_addsub_sf.o)
                                0x206 (size before relaxing)
 .debug_str     0x0000020c       0x27 c:/winavr-20100110/bin/../lib/gcc/avr/4.3.3/avr5\libgcc.a(_mul_sf.o)
                                0x1bf (size before relaxing)
 .debug_str     0x00000233       0x35 c:/winavr-20100110/bin/../lib/gcc/avr/4.3.3/avr5\libgcc.a(_div_sf.o)
                                0x1c8 (size before relaxing)
 .debug_str     0x00000268        0x8 c:/winavr-20100110/bin/../lib/gcc/avr/4.3.3/avr5\libgcc.a(_eq_sf.o)
                                0x195 (size before relaxing)
 .debug_str     0x00000270        0x8 c:/winavr-20100110/bin/../lib/gcc/avr/4.3.3/avr5\libgcc.a(_gt_sf.o)
                                0x195 (size before relaxing)
 .debug_str     0x00000278        0x8 c:/winavr-20100110/bin/../lib/gcc/avr/4.3.3/avr5\libgcc.a(_ge_sf.o)
                                0x195 (size before relaxing)
 .debug_str     0x00000280        0x8 c:/winavr-20100110/bin/../lib/gcc/avr/4.3.3/avr5\libgcc.a(_lt_sf.o)
                                0x195 (size before relaxing)
 .debug_str     0x00000288       0x1e c:/winavr-20100110/bin/../lib/gcc/avr/4.3.3/avr5\libgcc.a(_si_to_sf.o)
                                0x17b (size before relaxing)
 .debug_str     0x000002a6        0xa c:/winavr-20100110/bin/../lib/gcc/avr/4.3.3/avr5\libgcc.a(_sf_to_si.o)
                                0x19e (size before relaxing)
 .debug_str     0x00000000      0x103 c:/winavr-20100110/bin/../lib/gcc/avr/4.3.3/avr5\libgcc.a(_thenan_sf.o)
 .debug_str     0x000002b0       0x14 c:/winavr-20100110/bin/../lib/gcc/avr/4.3.3/avr5\libgcc.a(_usi_to_sf.o)
                                0x177 (size before relaxing)
 .debug_str     0x000002c4       0x20 c:/winavr-20100110/bin/../lib/gcc/avr/4.3.3/avr5\libgcc.a(_clzsi2.o)
                                0x111 (size before relaxing)
 .debug_str     0x000002e4       0x10 c:/winavr-20100110/bin/../lib/gcc/avr/4.3.3/avr5\libgcc.a(_pack_sf.o)
                                0x19d (size before relaxing)
 .debug_str     0x000002f4        0xb c:/winavr-20100110/bin/../lib/gcc/avr/4.3.3/avr5\libgcc.a(_unpack_sf.o)
                                0x17f (size before relaxing)
 .debug_str     0x000002ff       0x10 c:/winavr-20100110/bin/../lib/gcc/avr/4.3.3/avr5\libgcc.a(_fpcmp_parts_sf.o)
                                0x163 (size before relaxing)
 .debug_str     0x00000000       0xf4 c:/winavr-20100110/bin/../lib/gcc/avr/4.3.3/avr5\libgcc.a(_clz.o)

.debug_loc      0x00000000      0xa56
 *(.debug_loc)
 .debug_loc     0x00000000       0x34 c:/winavr-20100110/bin/../lib/gcc/avr/4.3.3/avr5\libgcc.a(_fixunssfsi.o)
 .debug_loc     0x00000034      0x32a c:/winavr-20100110/bin/../lib/gcc/avr/4.3.3/avr5\libgcc.a(_addsub_sf.o)
 .debug_loc     0x0000035e      0x104 c:/winavr-20100110/bin/../lib/gcc/avr/4.3.3/avr5\libgcc.a(_mul_sf.o)
 .debug_loc     0x00000462       0xc0 c:/winavr-20100110/bin/../lib/gcc/avr/4.3.3/avr5\libgcc.a(_div_sf.o)
 .debug_loc     0x00000522       0x3c c:/winavr-20100110/bin/../lib/gcc/avr/4.3.3/avr5\libgcc.a(_eq_sf.o)
 .debug_loc     0x0000055e       0x3c c:/winavr-20100110/bin/../lib/gcc/avr/4.3.3/avr5\libgcc.a(_gt_sf.o)
 .debug_loc     0x0000059a       0x3c c:/winavr-20100110/bin/../lib/gcc/avr/4.3.3/avr5\libgcc.a(_ge_sf.o)
 .debug_loc     0x000005d6       0x3c c:/winavr-20100110/bin/../lib/gcc/avr/4.3.3/avr5\libgcc.a(_lt_sf.o)
 .debug_loc     0x00000612       0xac c:/winavr-20100110/bin/../lib/gcc/avr/4.3.3/avr5\libgcc.a(_si_to_sf.o)
 .debug_loc     0x000006be       0x7e c:/winavr-20100110/bin/../lib/gcc/avr/4.3.3/avr5\libgcc.a(_sf_to_si.o)
 .debug_loc     0x0000073c       0x4c c:/winavr-20100110/bin/../lib/gcc/avr/4.3.3/avr5\libgcc.a(_usi_to_sf.o)
 .debug_loc     0x00000788       0x94 c:/winavr-20100110/bin/../lib/gcc/avr/4.3.3/avr5\libgcc.a(_clzsi2.o)
 .debug_loc     0x0000081c      0x13e c:/winavr-20100110/bin/../lib/gcc/avr/4.3.3/avr5\libgcc.a(_pack_sf.o)
 .debug_loc     0x0000095a       0xac c:/winavr-20100110/bin/../lib/gcc/avr/4.3.3/avr5\libgcc.a(_unpack_sf.o)
 .debug_loc     0x00000a06       0x50 c:/winavr-20100110/bin/../lib/gcc/avr/4.3.3/avr5\libgcc.a(_fpcmp_parts_sf.o)

.debug_macinfo
 *(.debug_macinfo)
OUTPUT(NTI_FinalProject_ECU2.elf elf32-avr)
LOAD linker stubs

.debug_ranges   0x00000000       0x50
 .debug_ranges  0x00000000       0x50 c:/winavr-20100110/bin/../lib/gcc/avr/4.3.3/avr5\libgcc.a(_mul_sf.o)
